#-----------------------------------------------------------
# Vivado v2018.3 (64-bit)
# SW Build 2405991 on Thu Dec  6 23:38:27 MST 2018
# IP Build 2404404 on Fri Dec  7 01:43:56 MST 2018
# Start of session at: Fri May 17 10:39:55 2024
# Process ID: 26508
# Current directory: G:/XilinxPrograms/2024_finger
# Command line: vivado.exe -gui_launcher_event rodinguilauncherevent34676 G:\XilinxPrograms\2024_finger\2024_finger.xpr
# Log file: G:/XilinxPrograms/2024_finger/vivado.log
# Journal file: G:/XilinxPrograms/2024_finger\vivado.jou
#-----------------------------------------------------------
start_gui
open_project G:/XilinxPrograms/2024_finger/2024_finger.xpr
update_compile_order -fileset sources_1
launch_runs impl_1 -to_step write_bitstream -jobs 8
open_bd_design {G:/XilinxPrograms/2024_finger/2024_finger.srcs/sources_1/bd/design_finger/design_finger.bd}
make_wrapper -files [get_files G:/XilinxPrograms/2024_finger/2024_finger.srcs/sources_1/bd/design_finger/design_finger.bd] -top
add_files -norecurse G:/XilinxPrograms/2024_finger/2024_finger.srcs/sources_1/bd/design_finger/hdl/design_finger_wrapper.v
launch_runs impl_1 -to_step write_bitstream -jobs 16
wait_on_run impl_1
open_hw
connect_hw_server
open_hw_target
set_property PROGRAM.FILE {G:/XilinxPrograms/2024_finger/2024_finger.runs/impl_1/design_finger_wrapper.bit} [get_hw_devices xc7a100t_0]
current_hw_device [get_hw_devices xc7a100t_0]
refresh_hw_device -update_hw_probes false [lindex [get_hw_devices xc7a100t_0] 0]
file mkdir G:/XilinxPrograms/2024_finger/2024_finger.sdk
file copy -force G:/XilinxPrograms/2024_finger/2024_finger.runs/impl_1/design_finger_wrapper.sysdef G:/XilinxPrograms/2024_finger/2024_finger.sdk/design_finger_wrapper.hdf

launch_sdk -workspace G:/XilinxPrograms/2024_finger/2024_finger.sdk -hwspec G:/XilinxPrograms/2024_finger/2024_finger.sdk/design_finger_wrapper.hdf
close_hw
startgroup
set_property -dict [list CONFIG.C_BAUDRATE {57600}] [get_bd_cells axi_uartlite_1]
endgroup
save_bd_design
reset_run synth_1
reset_run design_finger_axi_uartlite_1_0_synth_1
launch_runs impl_1 -to_step write_bitstream -jobs 16
wait_on_run impl_1
file copy -force G:/XilinxPrograms/2024_finger/2024_finger.runs/impl_1/design_finger_wrapper.sysdef G:/XilinxPrograms/2024_finger/2024_finger.sdk/design_finger_wrapper.hdf

launch_sdk -workspace G:/XilinxPrograms/2024_finger/2024_finger.sdk -hwspec G:/XilinxPrograms/2024_finger/2024_finger.sdk/design_finger_wrapper.hdf
file copy -force G:/XilinxPrograms/2024_finger/2024_finger.runs/impl_1/design_finger_wrapper.sysdef G:/XilinxPrograms/2024_finger/2024_finger.sdk/design_finger_wrapper.hdf

launch_sdk -workspace G:/XilinxPrograms/2024_finger/2024_finger.sdk -hwspec G:/XilinxPrograms/2024_finger/2024_finger.sdk/design_finger_wrapper.hdf
launch_sdk -workspace G:/XilinxPrograms/2024_finger/2024_finger.sdk -hwspec G:/XilinxPrograms/2024_finger/2024_finger.sdk/design_finger_wrapper.hdf
launch_sdk -workspace G:/XilinxPrograms/2024_finger/2024_finger.sdk -hwspec G:/XilinxPrograms/2024_finger/2024_finger.sdk/design_finger_wrapper.hdf
