#-----------------------------------------------------------
# Vivado v2018.3 (64-bit)
# SW Build 2405991 on Thu Dec  6 23:38:27 MST 2018
# IP Build 2404404 on Fri Dec  7 01:43:56 MST 2018
# Start of session at: Fri May 17 15:11:30 2024
# Process ID: 34776
# Current directory: G:/XilinxPrograms/2024_finger_lhk
# Command line: vivado.exe -gui_launcher_event rodinguilauncherevent21080 G:\XilinxPrograms\2024_finger_lhk\2024_finger_lhk.xpr
# Log file: G:/XilinxPrograms/2024_finger_lhk/vivado.log
# Journal file: G:/XilinxPrograms/2024_finger_lhk\vivado.jou
#-----------------------------------------------------------
start_gui
open_project G:/XilinxPrograms/2024_finger_lhk/2024_finger_lhk.xpr
update_compile_order -fileset sources_1
file copy -force G:/XilinxPrograms/2024_finger_lhk/2024_finger_lhk.runs/impl_1/design_finger_wrapper.sysdef G:/XilinxPrograms/2024_finger_lhk/2024_finger_lhk.sdk/design_finger_wrapper.hdf

launch_sdk -workspace G:/XilinxPrograms/2024_finger_lhk/2024_finger_lhk.sdk -hwspec G:/XilinxPrograms/2024_finger_lhk/2024_finger_lhk.sdk/design_finger_wrapper.hdf
launch_sdk -workspace G:/XilinxPrograms/2024_finger_lhk/2024_finger_lhk.sdk -hwspec G:/XilinxPrograms/2024_finger_lhk/2024_finger_lhk.sdk/design_finger_wrapper.hdf
