15:52:02 **** Build of project HELLO_bsp ****
make -k all 
"Running Make include in microblaze_0/libsrc/bram_v4_2/src"
make -C microblaze_0/libsrc/bram_v4_2/src -s include  "SHELL=CMD" "COMPILER=mb-gcc" "ARCHIVER=mb-ar" "COMPILER_FLAGS=  -O2 -c -mcpu=v11.0 -mlittle-endian -mxl-soft-mul" "EXTRA_COMPILER_FLAGS=-ffunction-sections -fdata-sections -Wall -Wextra"
"Running Make include in microblaze_0/libsrc/cpu_v2_8/src"
make -C microblaze_0/libsrc/cpu_v2_8/src -s include  "SHELL=CMD" "COMPILER=mb-gcc" "ARCHIVER=mb-ar" "COMPILER_FLAGS=  -O2 -c -mcpu=v11.0 -mlittle-endian -mxl-soft-mul" "EXTRA_COMPILER_FLAGS=-ffunction-sections -fdata-sections -Wall -Wextra"
"Running Make include in microblaze_0/libsrc/gpio_v4_3/src"
make -C microblaze_0/libsrc/gpio_v4_3/src -s include  "SHELL=CMD" "COMPILER=mb-gcc" "ARCHIVER=mb-ar" "COMPILER_FLAGS=  -O2 -c -mcpu=v11.0 -mlittle-endian -mxl-soft-mul" "EXTRA_COMPILER_FLAGS=-ffunction-sections -fdata-sections -Wall -Wextra"
"Running Make include in microblaze_0/libsrc/intc_v3_8/src"
make -C microblaze_0/libsrc/intc_v3_8/src -s include  "SHELL=CMD" "COMPILER=mb-gcc" "ARCHIVER=mb-ar" "COMPILER_FLAGS=  -O2 -c -mcpu=v11.0 -mlittle-endian -mxl-soft-mul" "EXTRA_COMPILER_FLAGS=-ffunction-sections -fdata-sections -Wall -Wextra"
"Running Make include in microblaze_0/libsrc/standalone_v6_8/src"
make -C microblaze_0/libsrc/standalone_v6_8/src -s include  "SHELL=CMD" "COMPILER=mb-gcc" "ARCHIVER=mb-ar" "COMPILER_FLAGS=  -O2 -c -mcpu=v11.0 -mlittle-endian -mxl-soft-mul" "EXTRA_COMPILER_FLAGS=-ffunction-sections -fdata-sections -Wall -Wextra"
"Running Make include in microblaze_0/libsrc/tmrctr_v4_5/src"
make -C microblaze_0/libsrc/tmrctr_v4_5/src -s include  "SHELL=CMD" "COMPILER=mb-gcc" "ARCHIVER=mb-ar" "COMPILER_FLAGS=  -O2 -c -mcpu=v11.0 -mlittle-endian -mxl-soft-mul" "EXTRA_COMPILER_FLAGS=-ffunction-sections -fdata-sections -Wall -Wextra"
"Running Make include in microblaze_0/libsrc/uartlite_v3_2/src"
make -C microblaze_0/libsrc/uartlite_v3_2/src -s include  "SHELL=CMD" "COMPILER=mb-gcc" "ARCHIVER=mb-ar" "COMPILER_FLAGS=  -O2 -c -mcpu=v11.0 -mlittle-endian -mxl-soft-mul" "EXTRA_COMPILER_FLAGS=-ffunction-sections -fdata-sections -Wall -Wextra"
"Running Make libs in microblaze_0/libsrc/bram_v4_2/src"
make -C microblaze_0/libsrc/bram_v4_2/src -s libs  "SHELL=CMD" "COMPILER=mb-gcc" "ARCHIVER=mb-ar" "COMPILER_FLAGS=  -O2 -c -mcpu=v11.0 -mlittle-endian -mxl-soft-mul" "EXTRA_COMPILER_FLAGS=-ffunction-sections -fdata-sections -Wall -Wextra"
"Compiling bram"
"Running Make libs in microblaze_0/libsrc/cpu_v2_8/src"
make -C microblaze_0/libsrc/cpu_v2_8/src -s libs  "SHELL=CMD" "COMPILER=mb-gcc" "ARCHIVER=mb-ar" "COMPILER_FLAGS=  -O2 -c -mcpu=v11.0 -mlittle-endian -mxl-soft-mul" "EXTRA_COMPILER_FLAGS=-ffunction-sections -fdata-sections -Wall -Wextra"
"Compiling cpu"
"Running Make libs in microblaze_0/libsrc/gpio_v4_3/src"
make -C microblaze_0/libsrc/gpio_v4_3/src -s libs  "SHELL=CMD" "COMPILER=mb-gcc" "ARCHIVER=mb-ar" "COMPILER_FLAGS=  -O2 -c -mcpu=v11.0 -mlittle-endian -mxl-soft-mul" "EXTRA_COMPILER_FLAGS=-ffunction-sections -fdata-sections -Wall -Wextra"
"Compiling gpio"
"Running Make libs in microblaze_0/libsrc/intc_v3_8/src"
make -C microblaze_0/libsrc/intc_v3_8/src -s libs  "SHELL=CMD" "COMPILER=mb-gcc" "ARCHIVER=mb-ar" "COMPILER_FLAGS=  -O2 -c -mcpu=v11.0 -mlittle-endian -mxl-soft-mul" "EXTRA_COMPILER_FLAGS=-ffunction-sections -fdata-sections -Wall -Wextra"
"Compiling intc"
"Running Make libs in microblaze_0/libsrc/standalone_v6_8/src"
make -C microblaze_0/libsrc/standalone_v6_8/src -s libs  "SHELL=CMD" "COMPILER=mb-gcc" "ARCHIVER=mb-ar" "COMPILER_FLAGS=  -O2 -c -mcpu=v11.0 -mlittle-endian -mxl-soft-mul" "EXTRA_COMPILER_FLAGS=-ffunction-sections -fdata-sections -Wall -Wextra"
"Compiling standalone";
microblaze_sleep.c:77:9: note: #pragma message: For the sleep routines, assembly instructions are used
 #pragma message ("For the sleep routines, assembly instructions are used")
         ^~~~~~~
"Running Make libs in microblaze_0/libsrc/tmrctr_v4_5/src"
make -C microblaze_0/libsrc/tmrctr_v4_5/src -s libs  "SHELL=CMD" "COMPILER=mb-gcc" "ARCHIVER=mb-ar" "COMPILER_FLAGS=  -O2 -c -mcpu=v11.0 -mlittle-endian -mxl-soft-mul" "EXTRA_COMPILER_FLAGS=-ffunction-sections -fdata-sections -Wall -Wextra"
"Compiling tmrctr"
"Running Make libs in microblaze_0/libsrc/uartlite_v3_2/src"
make -C microblaze_0/libsrc/uartlite_v3_2/src -s libs  "SHELL=CMD" "COMPILER=mb-gcc" "ARCHIVER=mb-ar" "COMPILER_FLAGS=  -O2 -c -mcpu=v11.0 -mlittle-endian -mxl-soft-mul" "EXTRA_COMPILER_FLAGS=-ffunction-sections -fdata-sections -Wall -Wextra"
"Compiling uartlite"
'Finished building libraries'
15:52:09 **** Clean-only build of configuration Debug for project HELLO ****
make clean 
rm -rf  ./src/helloworld.o ./src/platform.o  ./src/helloworld.d ./src/platform.d  HELLO.elf.size  HELLO.elf
' '
15:52:09 **** Build of configuration Debug for project HELLO ****
make all 
'Building file: ../src/helloworld.c'
'Invoking: MicroBlaze gcc compiler'
mb-gcc -Wall -O0 -g3 -c -fmessage-length=0 -MT"src/helloworld.o" -I../../HELLO_bsp/microblaze_0/include -mlittle-endian -mcpu=v11.0 -mxl-soft-mul -Wl,--no-relax -ffunction-sections -fdata-sections -MMD -MP -MF"src/helloworld.d" -MT"src/helloworld.o" -o "src/helloworld.o" "../src/helloworld.c"
'Finished building: ../src/helloworld.c'
' '
'Building file: ../src/platform.c'
'Invoking: MicroBlaze gcc compiler'
mb-gcc -Wall -O0 -g3 -c -fmessage-length=0 -MT"src/platform.o" -I../../HELLO_bsp/microblaze_0/include -mlittle-endian -mcpu=v11.0 -mxl-soft-mul -Wl,--no-relax -ffunction-sections -fdata-sections -MMD -MP -MF"src/platform.d" -MT"src/platform.o" -o "src/platform.o" "../src/platform.c"
'Finished building: ../src/platform.c'
' '
'Building target: HELLO.elf'
'Invoking: MicroBlaze gcc linker'
mb-gcc -Wl,-T -Wl,../src/lscript.ld -L../../HELLO_bsp/microblaze_0/lib -mlittle-endian -mcpu=v11.0 -mxl-soft-mul -Wl,--no-relax -Wl,--gc-sections -o "HELLO.elf"  ./src/helloworld.o ./src/platform.o   -Wl,--start-group,-lxil,-lgcc,-lc,--end-group
'Finished building target: HELLO.elf'
' '
'Invoking: MicroBlaze Print Size'
mb-size HELLO.elf  |tee "HELLO.elf.size"
   text	   data	    bss	    dec	    hex	filename
   3132	    336	   3108	   6576	   19b0	HELLO.elf
'Finished building: HELLO.elf.size'
' '
15:52:15 **** Clean-only build of configuration Debug for project finger_test1 ****
make clean 
rm -rf  ./src/finger_test1.o  ./src/finger_test1.d  finger_test1.elf.size  finger_test1.elf
' '
15:52:15 **** Build of configuration Debug for project finger_test1 ****
make all 
'Building file: ../src/finger_test1.c'
'Invoking: MicroBlaze gcc compiler'
mb-gcc -Wall -O0 -g3 -c -fmessage-length=0 -MT"src/finger_test1.o" -I../../HELLO_bsp/microblaze_0/include -mlittle-endian -mcpu=v11.0 -mxl-soft-mul -Wl,--no-relax -ffunction-sections -fdata-sections -MMD -MP -MF"src/finger_test1.d" -MT"src/finger_test1.o" -o "src/finger_test1.o" "../src/finger_test1.c"
'Finished building: ../src/finger_test1.c'
' '
'Building target: finger_test1.elf'
'Invoking: MicroBlaze gcc linker'
mb-gcc -Wl,-T -Wl,../src/lscript.ld -L../../HELLO_bsp/microblaze_0/lib -mlittle-endian -mcpu=v11.0 -mxl-soft-mul -Wl,--no-relax -Wl,--gc-sections -o "finger_test1.elf"  ./src/finger_test1.o   -Wl,--start-group,-lxil,-lgcc,-lc,--end-group
f:/xilinx/sdk/2018.3/gnu/microblaze/nt/bin/../lib/gcc/microblaze-xilinx-elf/7.3.1/../../../../microblaze-xilinx-elf/bin/ld.exe: finger_test1.elf section `.text' will not fit in region `microblaze_0_local_memory_ilmb_bram_if_cntlr_Mem_microblaze_0_local_memory_dlmb_bram_if_cntlr_Mem'
f:/xilinx/sdk/2018.3/gnu/microblaze/nt/bin/../lib/gcc/microblaze-xilinx-elf/7.3.1/../../../../microblaze-xilinx-elf/bin/ld.exe: region `microblaze_0_local_memory_ilmb_bram_if_cntlr_Mem_microblaze_0_local_memory_dlmb_bram_if_cntlr_Mem' overflowed by 96912 bytes
collect2.exe: error: ld returned 1 exit status
make: *** [makefile:38: finger_test1.elf] Error 1
15:55:10 **** Incremental Build of configuration Debug for project HELLO ****
make all 
make: Nothing to be done for 'all'.
15:56:50 **** Auto Build of configuration Debug for project finger_test1 ****
make all 
'Building file: ../src/finger1.c'
'Invoking: MicroBlaze gcc compiler'
mb-gcc -Wall -O0 -g3 -c -fmessage-length=0 -MT"src/finger1.o" -I../../HELLO_bsp/microblaze_0/include -mlittle-endian -mcpu=v11.0 -mxl-soft-mul -Wl,--no-relax -ffunction-sections -fdata-sections -MMD -MP -MF"src/finger1.d" -MT"src/finger1.o" -o "src/finger1.o" "../src/finger1.c"
'Finished building: ../src/finger1.c'
' '
'Building target: finger_test1.elf'
'Invoking: MicroBlaze gcc linker'
mb-gcc -Wl,-T -Wl,../src/lscript.ld -L../../HELLO_bsp/microblaze_0/lib -mlittle-endian -mcpu=v11.0 -mxl-soft-mul -Wl,--no-relax -Wl,--gc-sections -o "finger_test1.elf"  ./src/finger1.o ./src/finger_test1.o   -Wl,--start-group,-lxil,-lgcc,-lc,--end-group
f:/xilinx/sdk/2018.3/gnu/microblaze/nt/bin/../lib/gcc/microblaze-xilinx-elf/7.3.1/../../../../microblaze-xilinx-elf/bin/ld.exe: finger_test1.elf section `.text' will not fit in region `microblaze_0_local_memory_ilmb_bram_if_cntlr_Mem_microblaze_0_local_memory_dlmb_bram_if_cntlr_Mem'
f:/xilinx/sdk/2018.3/gnu/microblaze/nt/bin/../lib/gcc/microblaze-xilinx-elf/7.3.1/../../../../microblaze-xilinx-elf/bin/ld.exe: region `microblaze_0_local_memory_ilmb_bram_if_cntlr_Mem_microblaze_0_local_memory_dlmb_bram_if_cntlr_Mem' overflowed by 96912 bytes
collect2.exe: error: ld returned 1 exit status
make: *** [makefile:38: finger_test1.elf] Error 1
15:57:10 **** Clean-only build of configuration Debug for project finger_test1 ****
make clean 
rm -rf  ./src/finger1.o ./src/finger_test1.o  ./src/finger1.d ./src/finger_test1.d  finger_test1.elf.size  finger_test1.elf
' '
15:57:11 **** Auto Build of configuration Debug for project finger_test1 ****
make all 
'Building file: ../src/finger_test1.c'
'Invoking: MicroBlaze gcc compiler'
mb-gcc -Wall -O0 -g3 -c -fmessage-length=0 -MT"src/finger_test1.o" -I../../HELLO_bsp/microblaze_0/include -mlittle-endian -mcpu=v11.0 -mxl-soft-mul -Wl,--no-relax -ffunction-sections -fdata-sections -MMD -MP -MF"src/finger_test1.d" -MT"src/finger_test1.o" -o "src/finger_test1.o" "../src/finger_test1.c"
'Finished building: ../src/finger_test1.c'
' '
'Building target: finger_test1.elf'
'Invoking: MicroBlaze gcc linker'
mb-gcc -Wl,-T -Wl,../src/lscript.ld -L../../HELLO_bsp/microblaze_0/lib -mlittle-endian -mcpu=v11.0 -mxl-soft-mul -Wl,--no-relax -Wl,--gc-sections -o "finger_test1.elf"  ./src/finger_test1.o   -Wl,--start-group,-lxil,-lgcc,-lc,--end-group
f:/xilinx/sdk/2018.3/gnu/microblaze/nt/bin/../lib/gcc/microblaze-xilinx-elf/7.3.1/../../../../microblaze-xilinx-elf/bin/ld.exe: finger_test1.elf section `.text' will not fit in region `microblaze_0_local_memory_ilmb_bram_if_cntlr_Mem_microblaze_0_local_memory_dlmb_bram_if_cntlr_Mem'
f:/xilinx/sdk/2018.3/gnu/microblaze/nt/bin/../lib/gcc/microblaze-xilinx-elf/7.3.1/../../../../microblaze-xilinx-elf/bin/ld.exe: region `microblaze_0_local_memory_ilmb_bram_if_cntlr_Mem_microblaze_0_local_memory_dlmb_bram_if_cntlr_Mem' overflowed by 96912 bytes
collect2.exe: error: ld returned 1 exit status
make: *** [makefile:38: finger_test1.elf] Error 1
16:01:39 **** Auto Build of configuration Debug for project finger_test1 ****
make all 
'Building file: ../src/finger_test1.c'
'Invoking: MicroBlaze gcc compiler'
mb-gcc -Wall -O0 -g3 -c -fmessage-length=0 -MT"src/finger_test1.o" -I../../HELLO_bsp/microblaze_0/include -mlittle-endian -mcpu=v11.0 -mxl-soft-mul -Wl,--no-relax -ffunction-sections -fdata-sections -MMD -MP -MF"src/finger_test1.d" -MT"src/finger_test1.o" -o "src/finger_test1.o" "../src/finger_test1.c"
../src/finger_test1.c: In function 'BtnHandler':
../src/finger_test1.c:84:9: warning: multi-character character constant [-Wmultichar]
  printf('1\n');
         ^~~~~
../src/finger_test1.c:84:9: warning: passing argument 1 of 'printf' makes pointer from integer without a cast [-Wint-conversion]
In file included from f:\xilinx\sdk\2018.3\gnu\microblaze\nt\microblaze-xilinx-elf\include\ctype.h:4:0,
                 from ../../HELLO_bsp/microblaze_0/include/xil_printf.h:8,
                 from ../../HELLO_bsp/microblaze_0/include/xil_io.h:61,
                 from ../src/finger_test1.c:14:
f:\xilinx\sdk\2018.3\gnu\microblaze\nt\microblaze-xilinx-elf\include\stdio.h:181:5: note: expected 'const char * restrict' but argument is of type 'int'
 int _EXFUN(printf, (const char *__restrict, ...)
     ^
'Finished building: ../src/finger_test1.c'
' '
'Building target: finger_test1.elf'
'Invoking: MicroBlaze gcc linker'
mb-gcc -Wl,-T -Wl,../src/lscript.ld -L../../HELLO_bsp/microblaze_0/lib -mlittle-endian -mcpu=v11.0 -mxl-soft-mul -Wl,--no-relax -Wl,--gc-sections -o "finger_test1.elf"  ./src/finger_test1.o   -Wl,--start-group,-lxil,-lgcc,-lc,--end-group
f:/xilinx/sdk/2018.3/gnu/microblaze/nt/bin/../lib/gcc/microblaze-xilinx-elf/7.3.1/../../../../microblaze-xilinx-elf/bin/ld.exe: finger_test1.elf section `.text' will not fit in region `microblaze_0_local_memory_ilmb_bram_if_cntlr_Mem_microblaze_0_local_memory_dlmb_bram_if_cntlr_Mem'
f:/xilinx/sdk/2018.3/gnu/microblaze/nt/bin/../lib/gcc/microblaze-xilinx-elf/7.3.1/../../../../microblaze-xilinx-elf/bin/ld.exe: region `microblaze_0_local_memory_ilmb_bram_if_cntlr_Mem_microblaze_0_local_memory_dlmb_bram_if_cntlr_Mem' overflowed by 122000 bytes
collect2.exe: error: ld returned 1 exit status
make: *** [makefile:38: finger_test1.elf] Error 1
16:01:52 **** Auto Build of configuration Debug for project finger_test1 ****
make all 
'Building file: ../src/finger_test1.c'
'Invoking: MicroBlaze gcc compiler'
mb-gcc -Wall -O0 -g3 -c -fmessage-length=0 -MT"src/finger_test1.o" -I../../HELLO_bsp/microblaze_0/include -mlittle-endian -mcpu=v11.0 -mxl-soft-mul -Wl,--no-relax -ffunction-sections -fdata-sections -MMD -MP -MF"src/finger_test1.d" -MT"src/finger_test1.o" -o "src/finger_test1.o" "../src/finger_test1.c"
../src/finger_test1.c: In function 'BtnHandler':
../src/finger_test1.c:84:13: warning: multi-character character constant [-Wmultichar]
  xil_printf('1\n');
             ^~~~~
../src/finger_test1.c:84:13: warning: passing argument 1 of 'xil_printf' makes pointer from integer without a cast [-Wint-conversion]
In file included from f:\xilinx\sdk\2018.3\gnu\microblaze\nt\microblaze-xilinx-elf\include\ctype.h:4:0,
                 from ../../HELLO_bsp/microblaze_0/include/xil_printf.h:8,
                 from ../../HELLO_bsp/microblaze_0/include/xil_io.h:61,
                 from ../src/finger_test1.c:14:
f:\xilinx\sdk\2018.3\gnu\microblaze\nt\microblaze-xilinx-elf\include\stdio.h:229:9: note: expected 'const char8 * {aka const char *}' but argument is of type 'int'
 void    _EXFUN(xil_printf, (const char*, ...));
         ^
'Finished building: ../src/finger_test1.c'
' '
'Building target: finger_test1.elf'
'Invoking: MicroBlaze gcc linker'
mb-gcc -Wl,-T -Wl,../src/lscript.ld -L../../HELLO_bsp/microblaze_0/lib -mlittle-endian -mcpu=v11.0 -mxl-soft-mul -Wl,--no-relax -Wl,--gc-sections -o "finger_test1.elf"  ./src/finger_test1.o   -Wl,--start-group,-lxil,-lgcc,-lc,--end-group
f:/xilinx/sdk/2018.3/gnu/microblaze/nt/bin/../lib/gcc/microblaze-xilinx-elf/7.3.1/../../../../microblaze-xilinx-elf/bin/ld.exe: finger_test1.elf section `.text' will not fit in region `microblaze_0_local_memory_ilmb_bram_if_cntlr_Mem_microblaze_0_local_memory_dlmb_bram_if_cntlr_Mem'
f:/xilinx/sdk/2018.3/gnu/microblaze/nt/bin/../lib/gcc/microblaze-xilinx-elf/7.3.1/../../../../microblaze-xilinx-elf/bin/ld.exe: region `microblaze_0_local_memory_ilmb_bram_if_cntlr_Mem_microblaze_0_local_memory_dlmb_bram_if_cntlr_Mem' overflowed by 96928 bytes
collect2.exe: error: ld returned 1 exit status
make: *** [makefile:38: finger_test1.elf] Error 1
16:02:02 **** Auto Build of configuration Debug for project finger_test1 ****
make all 
'Building file: ../src/finger_test1.c'
'Invoking: MicroBlaze gcc compiler'
mb-gcc -Wall -O0 -g3 -c -fmessage-length=0 -MT"src/finger_test1.o" -I../../HELLO_bsp/microblaze_0/include -mlittle-endian -mcpu=v11.0 -mxl-soft-mul -Wl,--no-relax -ffunction-sections -fdata-sections -MMD -MP -MF"src/finger_test1.d" -MT"src/finger_test1.o" -o "src/finger_test1.o" "../src/finger_test1.c"
'Finished building: ../src/finger_test1.c'
' '
'Building target: finger_test1.elf'
'Invoking: MicroBlaze gcc linker'
mb-gcc -Wl,-T -Wl,../src/lscript.ld -L../../HELLO_bsp/microblaze_0/lib -mlittle-endian -mcpu=v11.0 -mxl-soft-mul -Wl,--no-relax -Wl,--gc-sections -o "finger_test1.elf"  ./src/finger_test1.o   -Wl,--start-group,-lxil,-lgcc,-lc,--end-group
f:/xilinx/sdk/2018.3/gnu/microblaze/nt/bin/../lib/gcc/microblaze-xilinx-elf/7.3.1/../../../../microblaze-xilinx-elf/bin/ld.exe: finger_test1.elf section `.text' will not fit in region `microblaze_0_local_memory_ilmb_bram_if_cntlr_Mem_microblaze_0_local_memory_dlmb_bram_if_cntlr_Mem'
f:/xilinx/sdk/2018.3/gnu/microblaze/nt/bin/../lib/gcc/microblaze-xilinx-elf/7.3.1/../../../../microblaze-xilinx-elf/bin/ld.exe: region `microblaze_0_local_memory_ilmb_bram_if_cntlr_Mem_microblaze_0_local_memory_dlmb_bram_if_cntlr_Mem' overflowed by 96936 bytes
collect2.exe: error: ld returned 1 exit status
make: *** [makefile:38: finger_test1.elf] Error 1
16:02:39 **** Auto Build of configuration Debug for project finger_test1 ****
make all 
'Building target: finger_test1.elf'
'Invoking: MicroBlaze gcc linker'
mb-gcc -Wl,-T -Wl,../src/lscript.ld -L../../HELLO_bsp/microblaze_0/lib -mlittle-endian -mcpu=v11.0 -mxl-soft-mul -Wl,--no-relax -Wl,--gc-sections -o "finger_test1.elf"  ./src/finger_test1.o   -Wl,--start-group,-lxil,-lgcc,-lc,--end-group
f:/xilinx/sdk/2018.3/gnu/microblaze/nt/bin/../lib/gcc/microblaze-xilinx-elf/7.3.1/../../../../microblaze-xilinx-elf/bin/ld.exe: finger_test1.elf section `.text' will not fit in region `microblaze_0_local_memory_ilmb_bram_if_cntlr_Mem_microblaze_0_local_memory_dlmb_bram_if_cntlr_Mem'
f:/xilinx/sdk/2018.3/gnu/microblaze/nt/bin/../lib/gcc/microblaze-xilinx-elf/7.3.1/../../../../microblaze-xilinx-elf/bin/ld.exe: region `microblaze_0_local_memory_ilmb_bram_if_cntlr_Mem_microblaze_0_local_memory_dlmb_bram_if_cntlr_Mem' overflowed by 93960 bytes
f:/xilinx/sdk/2018.3/gnu/microblaze/nt/bin/../lib/gcc/microblaze-xilinx-elf/7.3.1/../../../../microblaze-xilinx-elf/lib/le\libxil.a(read.o): In function `read':
(.text+0x24): undefined reference to `inbyte'
f:/xilinx/sdk/2018.3/gnu/microblaze/nt/bin/../lib/gcc/microblaze-xilinx-elf/7.3.1/../../../../microblaze-xilinx-elf/lib/le\libxil.a(write.o): In function `write':
(.text+0x28): undefined reference to `outbyte'
(.text+0x50): undefined reference to `outbyte'
(.text+0x64): undefined reference to `outbyte'
./src/finger_test1.o: In function `main':
G:\XilinxPrograms\2024_finger_lhk\2024_finger_lhk.sdk\finger_test1\Debug/../src/finger_test1.c:68: undefined reference to `microblaze_enable_interrupts'
./src/finger_test1.o: In function `BtnHandler':
G:\XilinxPrograms\2024_finger_lhk\2024_finger_lhk.sdk\finger_test1\Debug/../src/finger_test1.c:76: undefined reference to `xil_printf'
G:\XilinxPrograms\2024_finger_lhk\2024_finger_lhk.sdk\finger_test1\Debug/../src/finger_test1.c:84: undefined reference to `xil_printf'
./src/finger_test1.o: In function `UART1_RECV':
G:\XilinxPrograms\2024_finger_lhk\2024_finger_lhk.sdk\finger_test1\Debug/../src/finger_test1.c:120: undefined reference to `xil_printf'
collect2.exe: error: ld returned 1 exit status
make: *** [makefile:38: finger_test1.elf] Error 1
16:03:02 **** Build of project HELLO_bsp ****
make -k all 
"Running Make include in microblaze_0/libsrc/bram_v4_2/src"
make -C microblaze_0/libsrc/bram_v4_2/src -s include  "SHELL=CMD" "COMPILER=mb-gcc" "ARCHIVER=mb-ar" "COMPILER_FLAGS=  -O2 -c -mcpu=v11.0 -mlittle-endian -mxl-soft-mul" "EXTRA_COMPILER_FLAGS=-ffunction-sections -fdata-sections -Wall -Wextra"
"Running Make include in microblaze_0/libsrc/cpu_v2_8/src"
make -C microblaze_0/libsrc/cpu_v2_8/src -s include  "SHELL=CMD" "COMPILER=mb-gcc" "ARCHIVER=mb-ar" "COMPILER_FLAGS=  -O2 -c -mcpu=v11.0 -mlittle-endian -mxl-soft-mul" "EXTRA_COMPILER_FLAGS=-ffunction-sections -fdata-sections -Wall -Wextra"
"Running Make include in microblaze_0/libsrc/gpio_v4_3/src"
make -C microblaze_0/libsrc/gpio_v4_3/src -s include  "SHELL=CMD" "COMPILER=mb-gcc" "ARCHIVER=mb-ar" "COMPILER_FLAGS=  -O2 -c -mcpu=v11.0 -mlittle-endian -mxl-soft-mul" "EXTRA_COMPILER_FLAGS=-ffunction-sections -fdata-sections -Wall -Wextra"
"Running Make include in microblaze_0/libsrc/intc_v3_8/src"
make -C microblaze_0/libsrc/intc_v3_8/src -s include  "SHELL=CMD" "COMPILER=mb-gcc" "ARCHIVER=mb-ar" "COMPILER_FLAGS=  -O2 -c -mcpu=v11.0 -mlittle-endian -mxl-soft-mul" "EXTRA_COMPILER_FLAGS=-ffunction-sections -fdata-sections -Wall -Wextra"
"Running Make include in microblaze_0/libsrc/standalone_v6_8/src"
make -C microblaze_0/libsrc/standalone_v6_8/src -s include  "SHELL=CMD" "COMPILER=mb-gcc" "ARCHIVER=mb-ar" "COMPILER_FLAGS=  -O2 -c -mcpu=v11.0 -mlittle-endian -mxl-soft-mul" "EXTRA_COMPILER_FLAGS=-ffunction-sections -fdata-sections -Wall -Wextra"
"Running Make include in microblaze_0/libsrc/tmrctr_v4_5/src"
make -C microblaze_0/libsrc/tmrctr_v4_5/src -s include  "SHELL=CMD" "COMPILER=mb-gcc" "ARCHIVER=mb-ar" "COMPILER_FLAGS=  -O2 -c -mcpu=v11.0 -mlittle-endian -mxl-soft-mul" "EXTRA_COMPILER_FLAGS=-ffunction-sections -fdata-sections -Wall -Wextra"
"Running Make include in microblaze_0/libsrc/uartlite_v3_2/src"
make -C microblaze_0/libsrc/uartlite_v3_2/src -s include  "SHELL=CMD" "COMPILER=mb-gcc" "ARCHIVER=mb-ar" "COMPILER_FLAGS=  -O2 -c -mcpu=v11.0 -mlittle-endian -mxl-soft-mul" "EXTRA_COMPILER_FLAGS=-ffunction-sections -fdata-sections -Wall -Wextra"
"Running Make libs in microblaze_0/libsrc/bram_v4_2/src"
make -C microblaze_0/libsrc/bram_v4_2/src -s libs  "SHELL=CMD" "COMPILER=mb-gcc" "ARCHIVER=mb-ar" "COMPILER_FLAGS=  -O2 -c -mcpu=v11.0 -mlittle-endian -mxl-soft-mul" "EXTRA_COMPILER_FLAGS=-ffunction-sections -fdata-sections -Wall -Wextra"
"Compiling bram"
mb-ar: creating ../../../lib/libxil.a
"Running Make libs in microblaze_0/libsrc/cpu_v2_8/src"
make -C microblaze_0/libsrc/cpu_v2_8/src -s libs  "SHELL=CMD" "COMPILER=mb-gcc" "ARCHIVER=mb-ar" "COMPILER_FLAGS=  -O2 -c -mcpu=v11.0 -mlittle-endian -mxl-soft-mul" "EXTRA_COMPILER_FLAGS=-ffunction-sections -fdata-sections -Wall -Wextra"
"Compiling cpu"
"Running Make libs in microblaze_0/libsrc/gpio_v4_3/src"
make -C microblaze_0/libsrc/gpio_v4_3/src -s libs  "SHELL=CMD" "COMPILER=mb-gcc" "ARCHIVER=mb-ar" "COMPILER_FLAGS=  -O2 -c -mcpu=v11.0 -mlittle-endian -mxl-soft-mul" "EXTRA_COMPILER_FLAGS=-ffunction-sections -fdata-sections -Wall -Wextra"
"Compiling gpio"
"Running Make libs in microblaze_0/libsrc/intc_v3_8/src"
make -C microblaze_0/libsrc/intc_v3_8/src -s libs  "SHELL=CMD" "COMPILER=mb-gcc" "ARCHIVER=mb-ar" "COMPILER_FLAGS=  -O2 -c -mcpu=v11.0 -mlittle-endian -mxl-soft-mul" "EXTRA_COMPILER_FLAGS=-ffunction-sections -fdata-sections -Wall -Wextra"
"Compiling intc"
"Running Make libs in microblaze_0/libsrc/standalone_v6_8/src"
make -C microblaze_0/libsrc/standalone_v6_8/src -s libs  "SHELL=CMD" "COMPILER=mb-gcc" "ARCHIVER=mb-ar" "COMPILER_FLAGS=  -O2 -c -mcpu=v11.0 -mlittle-endian -mxl-soft-mul" "EXTRA_COMPILER_FLAGS=-ffunction-sections -fdata-sections -Wall -Wextra"
"Compiling standalone";
microblaze_sleep.c:77:9: note: #pragma message: For the sleep routines, assembly instructions are used
 #pragma message ("For the sleep routines, assembly instructions are used")
         ^~~~~~~
"Running Make libs in microblaze_0/libsrc/tmrctr_v4_5/src"
make -C microblaze_0/libsrc/tmrctr_v4_5/src -s libs  "SHELL=CMD" "COMPILER=mb-gcc" "ARCHIVER=mb-ar" "COMPILER_FLAGS=  -O2 -c -mcpu=v11.0 -mlittle-endian -mxl-soft-mul" "EXTRA_COMPILER_FLAGS=-ffunction-sections -fdata-sections -Wall -Wextra"
"Compiling tmrctr"
"Running Make libs in microblaze_0/libsrc/uartlite_v3_2/src"
make -C microblaze_0/libsrc/uartlite_v3_2/src -s libs  "SHELL=CMD" "COMPILER=mb-gcc" "ARCHIVER=mb-ar" "COMPILER_FLAGS=  -O2 -c -mcpu=v11.0 -mlittle-endian -mxl-soft-mul" "EXTRA_COMPILER_FLAGS=-ffunction-sections -fdata-sections -Wall -Wextra"
"Compiling uartlite"
'Finished building libraries'
16:03:09 **** Build of configuration Debug for project HELLO ****
make all 
'Building file: ../src/helloworld.c'
'Invoking: MicroBlaze gcc compiler'
mb-gcc -Wall -O0 -g3 -c -fmessage-length=0 -MT"src/helloworld.o" -I../../HELLO_bsp/microblaze_0/include -mlittle-endian -mcpu=v11.0 -mxl-soft-mul -Wl,--no-relax -ffunction-sections -fdata-sections -MMD -MP -MF"src/helloworld.d" -MT"src/helloworld.o" -o "src/helloworld.o" "../src/helloworld.c"
'Finished building: ../src/helloworld.c'
' '
'Building file: ../src/platform.c'
'Invoking: MicroBlaze gcc compiler'
mb-gcc -Wall -O0 -g3 -c -fmessage-length=0 -MT"src/platform.o" -I../../HELLO_bsp/microblaze_0/include -mlittle-endian -mcpu=v11.0 -mxl-soft-mul -Wl,--no-relax -ffunction-sections -fdata-sections -MMD -MP -MF"src/platform.d" -MT"src/platform.o" -o "src/platform.o" "../src/platform.c"
'Finished building: ../src/platform.c'
' '
'Building target: HELLO.elf'
'Invoking: MicroBlaze gcc linker'
mb-gcc -Wl,-T -Wl,../src/lscript.ld -L../../HELLO_bsp/microblaze_0/lib -mlittle-endian -mcpu=v11.0 -mxl-soft-mul -Wl,--no-relax -Wl,--gc-sections -o "HELLO.elf"  ./src/helloworld.o ./src/platform.o   -Wl,--start-group,-lxil,-lgcc,-lc,--end-group
'Finished building target: HELLO.elf'
' '
'Invoking: MicroBlaze Print Size'
mb-size HELLO.elf  |tee "HELLO.elf.size"
   text	   data	    bss	    dec	    hex	filename
   3132	    336	   3108	   6576	   19b0	HELLO.elf
'Finished building: HELLO.elf.size'
' '
16:03:10 **** Auto Build of configuration Debug for project finger_test1 ****
make all 
'Building file: ../src/finger_test1.c'
'Invoking: MicroBlaze gcc compiler'
mb-gcc -Wall -O0 -g3 -c -fmessage-length=0 -MT"src/finger_test1.o" -I../../HELLO_bsp/microblaze_0/include -mlittle-endian -mcpu=v11.0 -mxl-soft-mul -Wl,--no-relax -ffunction-sections -fdata-sections -MMD -MP -MF"src/finger_test1.d" -MT"src/finger_test1.o" -o "src/finger_test1.o" "../src/finger_test1.c"
'Finished building: ../src/finger_test1.c'
' '
'Building target: finger_test1.elf'
'Invoking: MicroBlaze gcc linker'
mb-gcc -Wl,-T -Wl,../src/lscript.ld -L../../HELLO_bsp/microblaze_0/lib -mlittle-endian -mcpu=v11.0 -mxl-soft-mul -Wl,--no-relax -Wl,--gc-sections -o "finger_test1.elf"  ./src/finger_test1.o   -Wl,--start-group,-lxil,-lgcc,-lc,--end-group
f:/xilinx/sdk/2018.3/gnu/microblaze/nt/bin/../lib/gcc/microblaze-xilinx-elf/7.3.1/../../../../microblaze-xilinx-elf/bin/ld.exe: finger_test1.elf section `.text' will not fit in region `microblaze_0_local_memory_ilmb_bram_if_cntlr_Mem_microblaze_0_local_memory_dlmb_bram_if_cntlr_Mem'
f:/xilinx/sdk/2018.3/gnu/microblaze/nt/bin/../lib/gcc/microblaze-xilinx-elf/7.3.1/../../../../microblaze-xilinx-elf/bin/ld.exe: region `microblaze_0_local_memory_ilmb_bram_if_cntlr_Mem_microblaze_0_local_memory_dlmb_bram_if_cntlr_Mem' overflowed by 96936 bytes
collect2.exe: error: ld returned 1 exit status
make: *** [makefile:38: finger_test1.elf] Error 1
16:04:38 **** Auto Build of configuration Debug for project finger_test1 ****
make all 
'Building file: ../src/finger_test1.c'
'Invoking: MicroBlaze gcc compiler'
mb-gcc -Wall -O0 -g3 -c -fmessage-length=0 -MT"src/finger_test1.o" -I../../HELLO_bsp/microblaze_0/include -mlittle-endian -mcpu=v11.0 -mxl-soft-mul -Wl,--no-relax -ffunction-sections -fdata-sections -MMD -MP -MF"src/finger_test1.d" -MT"src/finger_test1.o" -o "src/finger_test1.o" "../src/finger_test1.c"
../src/finger_test1.c: In function 'BtnHandler':
../src/finger_test1.c:83:2: warning: implicit declaration of function 'xil_scanf'; did you mean 'viscanf'? [-Wimplicit-function-declaration]
  xil_scanf("%x", &finger_code);
  ^~~~~~~~~
  viscanf
'Finished building: ../src/finger_test1.c'
' '
'Building target: finger_test1.elf'
'Invoking: MicroBlaze gcc linker'
mb-gcc -Wl,-T -Wl,../src/lscript.ld -L../../HELLO_bsp/microblaze_0/lib -mlittle-endian -mcpu=v11.0 -mxl-soft-mul -Wl,--no-relax -Wl,--gc-sections -o "finger_test1.elf"  ./src/finger_test1.o   -Wl,--start-group,-lxil,-lgcc,-lc,--end-group
./src/finger_test1.o: In function `BtnHandler':
G:\XilinxPrograms\2024_finger_lhk\2024_finger_lhk.sdk\finger_test1\Debug/../src/finger_test1.c:83: undefined reference to `xil_scanf'
collect2.exe: error: ld returned 1 exit status
make: *** [makefile:38: finger_test1.elf] Error 1
16:04:50 **** Auto Build of configuration Debug for project finger_test1 ****
make all 
'Building file: ../src/finger_test1.c'
'Invoking: MicroBlaze gcc compiler'
mb-gcc -Wall -O0 -g3 -c -fmessage-length=0 -MT"src/finger_test1.o" -I../../HELLO_bsp/microblaze_0/include -mlittle-endian -mcpu=v11.0 -mxl-soft-mul -Wl,--no-relax -ffunction-sections -fdata-sections -MMD -MP -MF"src/finger_test1.d" -MT"src/finger_test1.o" -o "src/finger_test1.o" "../src/finger_test1.c"
'Finished building: ../src/finger_test1.c'
' '
'Building target: finger_test1.elf'
'Invoking: MicroBlaze gcc linker'
mb-gcc -Wl,-T -Wl,../src/lscript.ld -L../../HELLO_bsp/microblaze_0/lib -mlittle-endian -mcpu=v11.0 -mxl-soft-mul -Wl,--no-relax -Wl,--gc-sections -o "finger_test1.elf"  ./src/finger_test1.o   -Wl,--start-group,-lxil,-lgcc,-lc,--end-group
f:/xilinx/sdk/2018.3/gnu/microblaze/nt/bin/../lib/gcc/microblaze-xilinx-elf/7.3.1/../../../../microblaze-xilinx-elf/bin/ld.exe: finger_test1.elf section `.text' will not fit in region `microblaze_0_local_memory_ilmb_bram_if_cntlr_Mem_microblaze_0_local_memory_dlmb_bram_if_cntlr_Mem'
f:/xilinx/sdk/2018.3/gnu/microblaze/nt/bin/../lib/gcc/microblaze-xilinx-elf/7.3.1/../../../../microblaze-xilinx-elf/bin/ld.exe: region `microblaze_0_local_memory_ilmb_bram_if_cntlr_Mem_microblaze_0_local_memory_dlmb_bram_if_cntlr_Mem' overflowed by 96936 bytes
collect2.exe: error: ld returned 1 exit status
make: *** [makefile:38: finger_test1.elf] Error 1
16:05:10 **** Auto Build of configuration Debug for project finger_test1 ****
make all 
'Building file: ../src/finger_test1.c'
'Invoking: MicroBlaze gcc compiler'
mb-gcc -Wall -O0 -g3 -c -fmessage-length=0 -MT"src/finger_test1.o" -I../../HELLO_bsp/microblaze_0/include -mlittle-endian -mcpu=v11.0 -mxl-soft-mul -Wl,--no-relax -ffunction-sections -fdata-sections -MMD -MP -MF"src/finger_test1.d" -MT"src/finger_test1.o" -o "src/finger_test1.o" "../src/finger_test1.c"
'Finished building: ../src/finger_test1.c'
' '
'Building target: finger_test1.elf'
'Invoking: MicroBlaze gcc linker'
mb-gcc -Wl,-T -Wl,../src/lscript.ld -L../../HELLO_bsp/microblaze_0/lib -mlittle-endian -mcpu=v11.0 -mxl-soft-mul -Wl,--no-relax -Wl,--gc-sections -o "finger_test1.elf"  ./src/finger_test1.o   -Wl,--start-group,-lxil,-lgcc,-lc,--end-group
'Finished building target: finger_test1.elf'
' '
'Invoking: MicroBlaze Print Size'
mb-size finger_test1.elf  |tee "finger_test1.elf.size"
   text	   data	    bss	    dec	    hex	filename
   7424	    340	   3108	  10872	   2a78	finger_test1.elf
'Finished building: finger_test1.elf.size'
' '
16:05:28 **** Incremental Build of configuration Debug for project finger_test1 ****
make all 
make: Nothing to be done for 'all'.
16:05:46 **** Auto Build of configuration Debug for project finger_test1 ****
make all 
'Building file: ../src/finger_test1.c'
'Invoking: MicroBlaze gcc compiler'
mb-gcc -Wall -O0 -g3 -c -fmessage-length=0 -MT"src/finger_test1.o" -I../../HELLO_bsp/microblaze_0/include -mlittle-endian -mcpu=v11.0 -mxl-soft-mul -Wl,--no-relax -ffunction-sections -fdata-sections -MMD -MP -MF"src/finger_test1.d" -MT"src/finger_test1.o" -o "src/finger_test1.o" "../src/finger_test1.c"
'Finished building: ../src/finger_test1.c'
' '
'Building target: finger_test1.elf'
'Invoking: MicroBlaze gcc linker'
mb-gcc -Wl,-T -Wl,../src/lscript.ld -L../../HELLO_bsp/microblaze_0/lib -mlittle-endian -mcpu=v11.0 -mxl-soft-mul -Wl,--no-relax -Wl,--gc-sections -o "finger_test1.elf"  ./src/finger_test1.o   -Wl,--start-group,-lxil,-lgcc,-lc,--end-group
'Finished building target: finger_test1.elf'
' '
'Invoking: MicroBlaze Print Size'
mb-size finger_test1.elf  |tee "finger_test1.elf.size"
   text	   data	    bss	    dec	    hex	filename
   7400	    340	   3108	  10848	   2a60	finger_test1.elf
'Finished building: finger_test1.elf.size'
' '
16:08:53 **** Auto Build of configuration Debug for project finger_test1 ****
make all 
'Building file: ../src/finger_test1.c'
'Invoking: MicroBlaze gcc compiler'
mb-gcc -Wall -O0 -g3 -c -fmessage-length=0 -MT"src/finger_test1.o" -I../../HELLO_bsp/microblaze_0/include -mlittle-endian -mcpu=v11.0 -mxl-soft-mul -Wl,--no-relax -ffunction-sections -fdata-sections -MMD -MP -MF"src/finger_test1.d" -MT"src/finger_test1.o" -o "src/finger_test1.o" "../src/finger_test1.c"
'Finished building: ../src/finger_test1.c'
' '
'Building target: finger_test1.elf'
'Invoking: MicroBlaze gcc linker'
mb-gcc -Wl,-T -Wl,../src/lscript.ld -L../../HELLO_bsp/microblaze_0/lib -mlittle-endian -mcpu=v11.0 -mxl-soft-mul -Wl,--no-relax -Wl,--gc-sections -o "finger_test1.elf"  ./src/finger_test1.o   -Wl,--start-group,-lxil,-lgcc,-lc,--end-group
'Finished building target: finger_test1.elf'
' '
'Invoking: MicroBlaze Print Size'
mb-size finger_test1.elf  |tee "finger_test1.elf.size"
   text	   data	    bss	    dec	    hex	filename
   7444	    340	   3112	  10896	   2a90	finger_test1.elf
'Finished building: finger_test1.elf.size'
' '
16:09:02 **** Incremental Build of configuration Debug for project finger_test1 ****
make all 
make: Nothing to be done for 'all'.
16:10:09 **** Auto Build of configuration Debug for project finger_test1 ****
make all 
'Building file: ../src/finger_test1.c'
'Invoking: MicroBlaze gcc compiler'
mb-gcc -Wall -O0 -g3 -c -fmessage-length=0 -MT"src/finger_test1.o" -I../../HELLO_bsp/microblaze_0/include -mlittle-endian -mcpu=v11.0 -mxl-soft-mul -Wl,--no-relax -ffunction-sections -fdata-sections -MMD -MP -MF"src/finger_test1.d" -MT"src/finger_test1.o" -o "src/finger_test1.o" "../src/finger_test1.c"
'Finished building: ../src/finger_test1.c'
' '
'Building target: finger_test1.elf'
'Invoking: MicroBlaze gcc linker'
mb-gcc -Wl,-T -Wl,../src/lscript.ld -L../../HELLO_bsp/microblaze_0/lib -mlittle-endian -mcpu=v11.0 -mxl-soft-mul -Wl,--no-relax -Wl,--gc-sections -o "finger_test1.elf"  ./src/finger_test1.o   -Wl,--start-group,-lxil,-lgcc,-lc,--end-group
'Finished building target: finger_test1.elf'
' '
'Invoking: MicroBlaze Print Size'
mb-size finger_test1.elf  |tee "finger_test1.elf.size"
   text	   data	    bss	    dec	    hex	filename
   7448	    340	   3108	  10896	   2a90	finger_test1.elf
'Finished building: finger_test1.elf.size'
' '
16:10:15 **** Incremental Build of configuration Debug for project finger_test1 ****
make all 
make: Nothing to be done for 'all'.
16:10:30 **** Auto Build of configuration Debug for project finger_test1 ****
make all 
'Building file: ../src/finger_test1.c'
'Invoking: MicroBlaze gcc compiler'
mb-gcc -Wall -O0 -g3 -c -fmessage-length=0 -MT"src/finger_test1.o" -I../../HELLO_bsp/microblaze_0/include -mlittle-endian -mcpu=v11.0 -mxl-soft-mul -Wl,--no-relax -ffunction-sections -fdata-sections -MMD -MP -MF"src/finger_test1.d" -MT"src/finger_test1.o" -o "src/finger_test1.o" "../src/finger_test1.c"
'Finished building: ../src/finger_test1.c'
' '
'Building target: finger_test1.elf'
'Invoking: MicroBlaze gcc linker'
mb-gcc -Wl,-T -Wl,../src/lscript.ld -L../../HELLO_bsp/microblaze_0/lib -mlittle-endian -mcpu=v11.0 -mxl-soft-mul -Wl,--no-relax -Wl,--gc-sections -o "finger_test1.elf"  ./src/finger_test1.o   -Wl,--start-group,-lxil,-lgcc,-lc,--end-group
'Finished building target: finger_test1.elf'
' '
'Invoking: MicroBlaze Print Size'
mb-size finger_test1.elf  |tee "finger_test1.elf.size"
   text	   data	    bss	    dec	    hex	filename
   7448	    340	   3108	  10896	   2a90	finger_test1.elf
'Finished building: finger_test1.elf.size'
' '
16:10:33 **** Incremental Build of configuration Debug for project finger_test1 ****
make all 
make: Nothing to be done for 'all'.
16:12:25 **** Auto Build of configuration Debug for project finger_test1 ****
make all 
'Building file: ../src/finger_test1.c'
'Invoking: MicroBlaze gcc compiler'
mb-gcc -Wall -O0 -g3 -c -fmessage-length=0 -MT"src/finger_test1.o" -I../../HELLO_bsp/microblaze_0/include -mlittle-endian -mcpu=v11.0 -mxl-soft-mul -Wl,--no-relax -ffunction-sections -fdata-sections -MMD -MP -MF"src/finger_test1.d" -MT"src/finger_test1.o" -o "src/finger_test1.o" "../src/finger_test1.c"
'Finished building: ../src/finger_test1.c'
' '
'Building target: finger_test1.elf'
'Invoking: MicroBlaze gcc linker'
mb-gcc -Wl,-T -Wl,../src/lscript.ld -L../../HELLO_bsp/microblaze_0/lib -mlittle-endian -mcpu=v11.0 -mxl-soft-mul -Wl,--no-relax -Wl,--gc-sections -o "finger_test1.elf"  ./src/finger_test1.o   -Wl,--start-group,-lxil,-lgcc,-lc,--end-group
'Finished building target: finger_test1.elf'
' '
'Invoking: MicroBlaze Print Size'
mb-size finger_test1.elf  |tee "finger_test1.elf.size"
   text	   data	    bss	    dec	    hex	filename
   7448	    340	   3108	  10896	   2a90	finger_test1.elf
'Finished building: finger_test1.elf.size'
' '
16:22:49 **** Auto Build of configuration Debug for project finger_test1 ****
make all 
'Building file: ../src/finger_test1.c'
'Invoking: MicroBlaze gcc compiler'
mb-gcc -Wall -O0 -g3 -c -fmessage-length=0 -MT"src/finger_test1.o" -I../../HELLO_bsp/microblaze_0/include -mlittle-endian -mcpu=v11.0 -mxl-soft-mul -Wl,--no-relax -ffunction-sections -fdata-sections -MMD -MP -MF"src/finger_test1.d" -MT"src/finger_test1.o" -o "src/finger_test1.o" "../src/finger_test1.c"
../src/finger_test1.c: In function 'BtnHandler':
../src/finger_test1.c:81:21: error: expected expression before ':' token
      switch(btncode):
                     ^
../src/finger_test1.c:84:19: warning: multi-character character constant [-Wmultichar]
        xil_printf('...');
                   ^~~~~
make: *** [src/subdir.mk:23: src/finger_test1.o] Error 1
16:23:31 **** Auto Build of configuration Debug for project finger_test1 ****
make all 
'Building file: ../src/finger_test1.c'
'Invoking: MicroBlaze gcc compiler'
mb-gcc -Wall -O0 -g3 -c -fmessage-length=0 -MT"src/finger_test1.o" -I../../HELLO_bsp/microblaze_0/include -mlittle-endian -mcpu=v11.0 -mxl-soft-mul -Wl,--no-relax -ffunction-sections -fdata-sections -MMD -MP -MF"src/finger_test1.d" -MT"src/finger_test1.o" -o "src/finger_test1.o" "../src/finger_test1.c"
../src/finger_test1.c: In function 'BtnHandler':
../src/finger_test1.c:84:19: warning: multi-character character constant [-Wmultichar]
        xil_printf('...');
                   ^~~~~
../src/finger_test1.c:84:19: warning: passing argument 1 of 'xil_printf' makes pointer from integer without a cast [-Wint-conversion]
In file included from f:\xilinx\sdk\2018.3\gnu\microblaze\nt\microblaze-xilinx-elf\include\ctype.h:4:0,
                 from ../../HELLO_bsp/microblaze_0/include/xil_printf.h:8,
                 from ../../HELLO_bsp/microblaze_0/include/xil_io.h:61,
                 from ../src/finger_test1.c:14:
f:\xilinx\sdk\2018.3\gnu\microblaze\nt\microblaze-xilinx-elf\include\stdio.h:229:9: note: expected 'const char8 * {aka const char *}' but argument is of type 'int'
 void    _EXFUN(xil_printf, (const char*, ...));
         ^
'Finished building: ../src/finger_test1.c'
' '
'Building target: finger_test1.elf'
'Invoking: MicroBlaze gcc linker'
mb-gcc -Wl,-T -Wl,../src/lscript.ld -L../../HELLO_bsp/microblaze_0/lib -mlittle-endian -mcpu=v11.0 -mxl-soft-mul -Wl,--no-relax -Wl,--gc-sections -o "finger_test1.elf"  ./src/finger_test1.o   -Wl,--start-group,-lxil,-lgcc,-lc,--end-group
'Finished building target: finger_test1.elf'
' '
'Invoking: MicroBlaze Print Size'
mb-size finger_test1.elf  |tee "finger_test1.elf.size"
   text	   data	    bss	    dec	    hex	filename
   7480	    340	   3108	  10928	   2ab0	finger_test1.elf
'Finished building: finger_test1.elf.size'
' '
16:23:43 **** Auto Build of configuration Debug for project finger_test1 ****
make all 
'Building file: ../src/finger_test1.c'
'Invoking: MicroBlaze gcc compiler'
mb-gcc -Wall -O0 -g3 -c -fmessage-length=0 -MT"src/finger_test1.o" -I../../HELLO_bsp/microblaze_0/include -mlittle-endian -mcpu=v11.0 -mxl-soft-mul -Wl,--no-relax -ffunction-sections -fdata-sections -MMD -MP -MF"src/finger_test1.d" -MT"src/finger_test1.o" -o "src/finger_test1.o" "../src/finger_test1.c"
../src/finger_test1.c: In function 'BtnHandler':
../src/finger_test1.c:84:19: warning: multi-character character constant [-Wmultichar]
        xil_printf('...');
                   ^~~~~
../src/finger_test1.c:84:19: warning: passing argument 1 of 'xil_printf' makes pointer from integer without a cast [-Wint-conversion]
In file included from f:\xilinx\sdk\2018.3\gnu\microblaze\nt\microblaze-xilinx-elf\include\ctype.h:4:0,
                 from ../../HELLO_bsp/microblaze_0/include/xil_printf.h:8,
                 from ../../HELLO_bsp/microblaze_0/include/xil_io.h:61,
                 from ../src/finger_test1.c:14:
f:\xilinx\sdk\2018.3\gnu\microblaze\nt\microblaze-xilinx-elf\include\stdio.h:229:9: note: expected 'const char8 * {aka const char *}' but argument is of type 'int'
 void    _EXFUN(xil_printf, (const char*, ...));
         ^
'Finished building: ../src/finger_test1.c'
' '
'Building target: finger_test1.elf'
'Invoking: MicroBlaze gcc linker'
mb-gcc -Wl,-T -Wl,../src/lscript.ld -L../../HELLO_bsp/microblaze_0/lib -mlittle-endian -mcpu=v11.0 -mxl-soft-mul -Wl,--no-relax -Wl,--gc-sections -o "finger_test1.elf"  ./src/finger_test1.o   -Wl,--start-group,-lxil,-lgcc,-lc,--end-group
'Finished building target: finger_test1.elf'
' '
'Invoking: MicroBlaze Print Size'
mb-size finger_test1.elf  |tee "finger_test1.elf.size"
   text	   data	    bss	    dec	    hex	filename
   7484	    340	   3112	  10936	   2ab8	finger_test1.elf
'Finished building: finger_test1.elf.size'
' '
16:23:58 **** Auto Build of configuration Debug for project finger_test1 ****
make all 
'Building file: ../src/finger_test1.c'
'Invoking: MicroBlaze gcc compiler'
mb-gcc -Wall -O0 -g3 -c -fmessage-length=0 -MT"src/finger_test1.o" -I../../HELLO_bsp/microblaze_0/include -mlittle-endian -mcpu=v11.0 -mxl-soft-mul -Wl,--no-relax -ffunction-sections -fdata-sections -MMD -MP -MF"src/finger_test1.d" -MT"src/finger_test1.o" -o "src/finger_test1.o" "../src/finger_test1.c"
'Finished building: ../src/finger_test1.c'
' '
'Building target: finger_test1.elf'
'Invoking: MicroBlaze gcc linker'
mb-gcc -Wl,-T -Wl,../src/lscript.ld -L../../HELLO_bsp/microblaze_0/lib -mlittle-endian -mcpu=v11.0 -mxl-soft-mul -Wl,--no-relax -Wl,--gc-sections -o "finger_test1.elf"  ./src/finger_test1.o   -Wl,--start-group,-lxil,-lgcc,-lc,--end-group
'Finished building target: finger_test1.elf'
' '
'Invoking: MicroBlaze Print Size'
mb-size finger_test1.elf  |tee "finger_test1.elf.size"
   text	   data	    bss	    dec	    hex	filename
   7488	    340	   3108	  10936	   2ab8	finger_test1.elf
'Finished building: finger_test1.elf.size'
' '
16:24:07 **** Auto Build of configuration Debug for project finger_test1 ****
make all 
'Building file: ../src/finger_test1.c'
'Invoking: MicroBlaze gcc compiler'
mb-gcc -Wall -O0 -g3 -c -fmessage-length=0 -MT"src/finger_test1.o" -I../../HELLO_bsp/microblaze_0/include -mlittle-endian -mcpu=v11.0 -mxl-soft-mul -Wl,--no-relax -ffunction-sections -fdata-sections -MMD -MP -MF"src/finger_test1.d" -MT"src/finger_test1.o" -o "src/finger_test1.o" "../src/finger_test1.c"
'Finished building: ../src/finger_test1.c'
' '
'Building target: finger_test1.elf'
'Invoking: MicroBlaze gcc linker'
mb-gcc -Wl,-T -Wl,../src/lscript.ld -L../../HELLO_bsp/microblaze_0/lib -mlittle-endian -mcpu=v11.0 -mxl-soft-mul -Wl,--no-relax -Wl,--gc-sections -o "finger_test1.elf"  ./src/finger_test1.o   -Wl,--start-group,-lxil,-lgcc,-lc,--end-group
'Finished building target: finger_test1.elf'
' '
'Invoking: MicroBlaze Print Size'
mb-size finger_test1.elf  |tee "finger_test1.elf.size"
   text	   data	    bss	    dec	    hex	filename
   7488	    340	   3108	  10936	   2ab8	finger_test1.elf
'Finished building: finger_test1.elf.size'
' '
16:24:22 **** Auto Build of configuration Debug for project finger_test1 ****
make all 
'Building file: ../src/finger_test1.c'
'Invoking: MicroBlaze gcc compiler'
mb-gcc -Wall -O0 -g3 -c -fmessage-length=0 -MT"src/finger_test1.o" -I../../HELLO_bsp/microblaze_0/include -mlittle-endian -mcpu=v11.0 -mxl-soft-mul -Wl,--no-relax -ffunction-sections -fdata-sections -MMD -MP -MF"src/finger_test1.d" -MT"src/finger_test1.o" -o "src/finger_test1.o" "../src/finger_test1.c"
'Finished building: ../src/finger_test1.c'
' '
'Building target: finger_test1.elf'
'Invoking: MicroBlaze gcc linker'
mb-gcc -Wl,-T -Wl,../src/lscript.ld -L../../HELLO_bsp/microblaze_0/lib -mlittle-endian -mcpu=v11.0 -mxl-soft-mul -Wl,--no-relax -Wl,--gc-sections -o "finger_test1.elf"  ./src/finger_test1.o   -Wl,--start-group,-lxil,-lgcc,-lc,--end-group
'Finished building target: finger_test1.elf'
' '
'Invoking: MicroBlaze Print Size'
mb-size finger_test1.elf  |tee "finger_test1.elf.size"
   text	   data	    bss	    dec	    hex	filename
   7488	    340	   3108	  10936	   2ab8	finger_test1.elf
'Finished building: finger_test1.elf.size'
' '
16:24:29 **** Incremental Build of configuration Debug for project finger_test1 ****
make all 
make: Nothing to be done for 'all'.
16:27:54 **** Clean-only build of configuration Debug for project finger_test1 ****
make clean 
rm -rf  ./src/finger_test1.o  ./src/finger_test1.d  finger_test1.elf.size  finger_test1.elf
' '
16:27:55 **** Auto Build of configuration Debug for project finger_test1 ****
make all 
'Building file: ../src/main.c'
'Invoking: MicroBlaze gcc compiler'
mb-gcc -Wall -O0 -g3 -c -fmessage-length=0 -MT"src/main.o" -I../../HELLO_bsp/microblaze_0/include -mlittle-endian -mcpu=v11.0 -mxl-soft-mul -Wl,--no-relax -ffunction-sections -fdata-sections -MMD -MP -MF"src/main.d" -MT"src/main.o" -o "src/main.o" "../src/main.c"
'Finished building: ../src/main.c'
' '
'Building target: finger_test1.elf'
'Invoking: MicroBlaze gcc linker'
mb-gcc -Wl,-T -Wl,../src/lscript.ld -L../../HELLO_bsp/microblaze_0/lib -mlittle-endian -mcpu=v11.0 -mxl-soft-mul -Wl,--no-relax -Wl,--gc-sections -o "finger_test1.elf"  ./src/main.o   -Wl,--start-group,-lxil,-lgcc,-lc,--end-group
'Finished building target: finger_test1.elf'
' '
'Invoking: MicroBlaze Print Size'
mb-size finger_test1.elf  |tee "finger_test1.elf.size"
   text	   data	    bss	    dec	    hex	filename
   7488	    340	   3108	  10936	   2ab8	finger_test1.elf
'Finished building: finger_test1.elf.size'
' '
16:28:41 **** Auto Build of configuration Debug for project finger_test1 ****
make all 
'Building file: ../src/finger.c'
'Invoking: MicroBlaze gcc compiler'
mb-gcc -Wall -O0 -g3 -c -fmessage-length=0 -MT"src/finger.o" -I../../HELLO_bsp/microblaze_0/include -mlittle-endian -mcpu=v11.0 -mxl-soft-mul -Wl,--no-relax -ffunction-sections -fdata-sections -MMD -MP -MF"src/finger.d" -MT"src/finger.o" -o "src/finger.o" "../src/finger.c"
'Finished building: ../src/finger.c'
' '
'Building target: finger_test1.elf'
'Invoking: MicroBlaze gcc linker'
mb-gcc -Wl,-T -Wl,../src/lscript.ld -L../../HELLO_bsp/microblaze_0/lib -mlittle-endian -mcpu=v11.0 -mxl-soft-mul -Wl,--no-relax -Wl,--gc-sections -o "finger_test1.elf"  ./src/finger.o ./src/main.o   -Wl,--start-group,-lxil,-lgcc,-lc,--end-group
'Finished building target: finger_test1.elf'
' '
'Invoking: MicroBlaze Print Size'
mb-size finger_test1.elf  |tee "finger_test1.elf.size"
   text	   data	    bss	    dec	    hex	filename
   7488	    340	   3108	  10936	   2ab8	finger_test1.elf
'Finished building: finger_test1.elf.size'
' '
16:29:38 **** Auto Build of configuration Debug for project finger_test1 ****
make all 
make: Nothing to be done for 'all'.
16:30:38 **** Auto Build of configuration Debug for project finger_test1 ****
make all 
'Building file: ../src/finger.c'
'Invoking: MicroBlaze gcc compiler'
mb-gcc -Wall -O0 -g3 -c -fmessage-length=0 -MT"src/finger.o" -I../../HELLO_bsp/microblaze_0/include -mlittle-endian -mcpu=v11.0 -mxl-soft-mul -Wl,--no-relax -ffunction-sections -fdata-sections -MMD -MP -MF"src/finger.d" -MT"src/finger.o" -o "src/finger.o" "../src/finger.c"
'Finished building: ../src/finger.c'
' '
'Building target: finger_test1.elf'
'Invoking: MicroBlaze gcc linker'
mb-gcc -Wl,-T -Wl,../src/lscript.ld -L../../HELLO_bsp/microblaze_0/lib -mlittle-endian -mcpu=v11.0 -mxl-soft-mul -Wl,--no-relax -Wl,--gc-sections -o "finger_test1.elf"  ./src/finger.o ./src/main.o   -Wl,--start-group,-lxil,-lgcc,-lc,--end-group
'Finished building target: finger_test1.elf'
' '
'Invoking: MicroBlaze Print Size'
mb-size finger_test1.elf  |tee "finger_test1.elf.size"
   text	   data	    bss	    dec	    hex	filename
   7488	    340	   3108	  10936	   2ab8	finger_test1.elf
'Finished building: finger_test1.elf.size'
' '
16:30:47 **** Auto Build of configuration Debug for project finger_test1 ****
make all 
'Building file: ../src/finger.c'
'Invoking: MicroBlaze gcc compiler'
mb-gcc -Wall -O0 -g3 -c -fmessage-length=0 -MT"src/finger.o" -I../../HELLO_bsp/microblaze_0/include -mlittle-endian -mcpu=v11.0 -mxl-soft-mul -Wl,--no-relax -ffunction-sections -fdata-sections -MMD -MP -MF"src/finger.d" -MT"src/finger.o" -o "src/finger.o" "../src/finger.c"
'Finished building: ../src/finger.c'
' '
'Building target: finger_test1.elf'
'Invoking: MicroBlaze gcc linker'
mb-gcc -Wl,-T -Wl,../src/lscript.ld -L../../HELLO_bsp/microblaze_0/lib -mlittle-endian -mcpu=v11.0 -mxl-soft-mul -Wl,--no-relax -Wl,--gc-sections -o "finger_test1.elf"  ./src/finger.o ./src/main.o   -Wl,--start-group,-lxil,-lgcc,-lc,--end-group
'Finished building target: finger_test1.elf'
' '
'Invoking: MicroBlaze Print Size'
mb-size finger_test1.elf  |tee "finger_test1.elf.size"
   text	   data	    bss	    dec	    hex	filename
   7488	    340	   3108	  10936	   2ab8	finger_test1.elf
'Finished building: finger_test1.elf.size'
' '
16:31:00 **** Auto Build of configuration Debug for project finger_test1 ****
make all 
make: Nothing to be done for 'all'.
16:31:30 **** Auto Build of configuration Debug for project finger_test1 ****
make all 
make: Nothing to be done for 'all'.
16:32:14 **** Auto Build of configuration Debug for project finger_test1 ****
make all 
'Building file: ../src/finger.c'
'Invoking: MicroBlaze gcc compiler'
mb-gcc -Wall -O0 -g3 -c -fmessage-length=0 -MT"src/finger.o" -I../../HELLO_bsp/microblaze_0/include -mlittle-endian -mcpu=v11.0 -mxl-soft-mul -Wl,--no-relax -ffunction-sections -fdata-sections -MMD -MP -MF"src/finger.d" -MT"src/finger.o" -o "src/finger.o" "../src/finger.c"
../src/finger.c:12:6: error: expected '=', ',', ';', 'asm' or '__attribute__' before 'unsigned'
 code unsigned char FPM10A_Get_Device[10] ={0x01,0x00,0x07,0x13,0x00,0x00,0x00,0x00,0x00,0x1b};//口令验证
      ^~~~~~~~
../src/finger.c:13:6: error: expected '=', ',', ';', 'asm' or '__attribute__' before 'unsigned'
 code unsigned char FPM10A_Pack_Head[6] = {0xEF,0x01,0xFF,0xFF,0xFF,0xFF};  //协议包头
      ^~~~~~~~
../src/finger.c:14:6: error: expected '=', ',', ';', 'asm' or '__attribute__' before 'unsigned'
 code unsigned char FPM10A_Get_Img[6] = {0x01,0x00,0x03,0x01,0x00,0x05};    //获得指纹图像
      ^~~~~~~~
../src/finger.c:15:6: error: expected '=', ',', ';', 'asm' or '__attribute__' before 'unsigned'
 code unsigned char FPM10A_Get_Templete_Count[6] ={0x01,0x00,0x03,0x1D,0x00,0x21 }; //获得模版总数
      ^~~~~~~~
../src/finger.c:16:6: error: expected '=', ',', ';', 'asm' or '__attribute__' before 'unsigned'
 code unsigned char FPM10A_Search[11]={0x01,0x00,0x08,0x04,0x01,0x00,0x00,0x03,0xE7,0x00,0xF8}; //搜索指纹搜索范围0 - 999,使用BUFFER1中的特征码搜索
      ^~~~~~~~
../src/finger.c:17:6: error: expected '=', ',', ';', 'asm' or '__attribute__' before 'unsigned'
 code unsigned char FPM10A_Search_0_9[11]={0x01,0x00,0x08,0x04,0x01,0x00,0x00,0x00,0x13,0x00,0x21}; //搜索0-9号指纹
      ^~~~~~~~
../src/finger.c:18:6: error: expected '=', ',', ';', 'asm' or '__attribute__' before 'unsigned'
 code unsigned char FPM10A_Img_To_Buffer1[7]={0x01,0x00,0x04,0x02,0x01,0x00,0x08}; //将图像放入到BUFFER1
      ^~~~~~~~
../src/finger.c:19:6: error: expected '=', ',', ';', 'asm' or '__attribute__' before 'unsigned'
 code unsigned char FPM10A_Img_To_Buffer2[7]={0x01,0x00,0x04,0x02,0x02,0x00,0x09}; //将图像放入到BUFFER2
      ^~~~~~~~
../src/finger.c:20:6: error: expected '=', ',', ';', 'asm' or '__attribute__' before 'unsigned'
 code unsigned char FPM10A_Reg_Model[6]={0x01,0x00,0x03,0x05,0x00,0x09}; //将BUFFER1跟BUFFER2合成特征模版
      ^~~~~~~~
../src/finger.c:21:6: error: expected '=', ',', ';', 'asm' or '__attribute__' before 'unsigned'
 code unsigned char FPM10A_Delete_All_Model[6]={0x01,0x00,0x03,0x0d,0x00,0x11};//删除指纹模块里所有的模版
      ^~~~~~~~
../src/finger.c: In function 'FPM10A_Cmd_Send_Pack_Head':
../src/finger.c:31:6: warning: implicit declaration of function 'Uart_Send_Byte' [-Wimplicit-function-declaration]
      Uart_Send_Byte(FPM10A_Pack_Head[i]);
      ^~~~~~~~~~~~~~
../src/finger.c:31:21: error: 'FPM10A_Pack_Head' undeclared (first use in this function); did you mean 'FPM10A_Cmd_Send_Pack_Head'?
      Uart_Send_Byte(FPM10A_Pack_Head[i]);
                     ^~~~~~~~~~~~~~~~
                     FPM10A_Cmd_Send_Pack_Head
../src/finger.c:31:21: note: each undeclared identifier is reported only once for each function it appears in
../src/finger.c: In function 'FPM10A_Cmd_Check':
../src/finger.c:41:18: error: 'FPM10A_Get_Device' undeclared (first use in this function); did you mean 'FPM10A_Cmd_Check'?
   Uart_Send_Byte(FPM10A_Get_Device[i]);
                  ^~~~~~~~~~~~~~~~~
                  FPM10A_Cmd_Check
../src/finger.c: In function 'FPM10A_Receive_Data':
../src/finger.c:50:33: warning: implicit declaration of function 'Uart_Receive_Byte'; did you mean 'FPM10A_Receive_Data'? [-Wimplicit-function-declaration]
      FPM10A_RECEICE_BUFFER[i] = Uart_Receive_Byte();
                                 ^~~~~~~~~~~~~~~~~
                                 FPM10A_Receive_Data
make: *** [src/subdir.mk:26: src/finger.o] Error 1
16:33:32 **** Auto Build of configuration Debug for project finger_test1 ****
make all 
'Building file: ../src/finger.c'
'Invoking: MicroBlaze gcc compiler'
mb-gcc -Wall -O0 -g3 -c -fmessage-length=0 -MT"src/finger.o" -I../../HELLO_bsp/microblaze_0/include -mlittle-endian -mcpu=v11.0 -mxl-soft-mul -Wl,--no-relax -ffunction-sections -fdata-sections -MMD -MP -MF"src/finger.d" -MT"src/finger.o" -o "src/finger.o" "../src/finger.c"
../src/finger.c: In function 'FPM10A_Cmd_Send_Pack_Head':
../src/finger.c:31:6: warning: implicit declaration of function 'Uart_Send_Byte' [-Wimplicit-function-declaration]
      Uart_Send_Byte(FPM10A_Pack_Head[i]);
      ^~~~~~~~~~~~~~
../src/finger.c: In function 'FPM10A_Receive_Data':
../src/finger.c:50:33: warning: implicit declaration of function 'Uart_Receive_Byte'; did you mean 'FPM10A_Receive_Data'? [-Wimplicit-function-declaration]
      FPM10A_RECEICE_BUFFER[i] = Uart_Receive_Byte();
                                 ^~~~~~~~~~~~~~~~~
                                 FPM10A_Receive_Data
'Finished building: ../src/finger.c'
' '
'Building target: finger_test1.elf'
'Invoking: MicroBlaze gcc linker'
mb-gcc -Wl,-T -Wl,../src/lscript.ld -L../../HELLO_bsp/microblaze_0/lib -mlittle-endian -mcpu=v11.0 -mxl-soft-mul -Wl,--no-relax -Wl,--gc-sections -o "finger_test1.elf"  ./src/finger.o ./src/main.o   -Wl,--start-group,-lxil,-lgcc,-lc,--end-group
'Finished building target: finger_test1.elf'
' '
'Invoking: MicroBlaze Print Size'
mb-size finger_test1.elf  |tee "finger_test1.elf.size"
   text	   data	    bss	    dec	    hex	filename
   7488	    340	   3108	  10936	   2ab8	finger_test1.elf
'Finished building: finger_test1.elf.size'
' '
16:35:28 **** Auto Build of configuration Debug for project finger_test1 ****
make all 
'Building file: ../src/finger.c'
'Invoking: MicroBlaze gcc compiler'
mb-gcc -Wall -O0 -g3 -c -fmessage-length=0 -MT"src/finger.o" -I../../HELLO_bsp/microblaze_0/include -mlittle-endian -mcpu=v11.0 -mxl-soft-mul -Wl,--no-relax -ffunction-sections -fdata-sections -MMD -MP -MF"src/finger.d" -MT"src/finger.o" -o "src/finger.o" "../src/finger.c"
../src/finger.c: In function 'FPM10A_Cmd_Send_Pack_Head':
../src/finger.c:31:6: warning: implicit declaration of function 'Uart_Send_Byte' [-Wimplicit-function-declaration]
      Uart_Send_Byte(FPM10A_Pack_Head[i]);
      ^~~~~~~~~~~~~~
../src/finger.c: In function 'FPM10A_Receive_Data':
../src/finger.c:50:33: warning: implicit declaration of function 'Uart_Receive_Byte'; did you mean 'FPM10A_Receive_Data'? [-Wimplicit-function-declaration]
      FPM10A_RECEICE_BUFFER[i] = Uart_Receive_Byte();
                                 ^~~~~~~~~~~~~~~~~
                                 FPM10A_Receive_Data
../src/finger.c: In function 'FPM10A_Add_Fingerprint':
../src/finger.c:58:2: warning: implicit declaration of function 'LCD1602_WriteCMD' [-Wimplicit-function-declaration]
  LCD1602_WriteCMD(0x01); //清屏
  ^~~~~~~~~~~~~~~~
../src/finger.c:59:2: error: 'finger_id' undeclared (first use in this function)
  finger_id=0;
  ^~~~~~~~~
../src/finger.c:59:2: note: each undeclared identifier is reported only once for each function it appears in
../src/finger.c:62:2: warning: implicit declaration of function 'LCD1602_Display' [-Wimplicit-function-declaration]
  LCD1602_Display(0x80,"   Add  finger  ",0,16);
  ^~~~~~~~~~~~~~~
../src/finger.c:65:5: error: 'KEY_CANCEL' undeclared (first use in this function)
  if(KEY_CANCEL == 0)
     ^~~~~~~~~~
../src/finger.c:72:5: error: 'KEY_DOWN' undeclared (first use in this function)
  if(KEY_DOWN == 0)
     ^~~~~~~~
../src/finger.c:85:3: warning: implicit declaration of function 'LCD1602_WriteDAT' [-Wimplicit-function-declaration]
   LCD1602_WriteDAT(finger_id/100+48);
   ^~~~~~~~~~~~~~~~
../src/finger.c:90:6: error: 'KEY_OK' undeclared (first use in this function); did you mean 'KEY_DOWN'?
   if(KEY_OK == 0)
      ^~~~~~
      KEY_DOWN
../src/finger.c:103:5: warning: implicit declaration of function 'FPM10A_Cmd_Get_Img'; did you mean 'FPM10A_Cmd_Check'? [-Wimplicit-function-declaration]
     FPM10A_Cmd_Get_Img(); //获得指纹图像
     ^~~~~~~~~~~~~~~~~~
     FPM10A_Cmd_Check
../src/finger.c:108:6: warning: implicit declaration of function 'Delay_Ms' [-Wimplicit-function-declaration]
      Delay_Ms(100);
      ^~~~~~~~
../src/finger.c:109:6: warning: implicit declaration of function 'FINGERPRINT_Cmd_Img_To_Buffer1' [-Wimplicit-function-declaration]
      FINGERPRINT_Cmd_Img_To_Buffer1();
      ^~~~~~~~~~~~~~~~~~~~~~~~~~~~~~
../src/finger.c:112:6: warning: implicit declaration of function 'Buzz_Times' [-Wimplicit-function-declaration]
      Buzz_Times(1);
      ^~~~~~~~~~
../src/finger.c:136:7: warning: implicit declaration of function 'FINGERPRINT_Cmd_Img_To_Buffer2' [-Wimplicit-function-declaration]
       FINGERPRINT_Cmd_Img_To_Buffer2();
       ^~~~~~~~~~~~~~~~~~~~~~~~~~~~~~
../src/finger.c:138:7: warning: implicit declaration of function 'FPM10A_Cmd_Reg_Model'; did you mean 'FPM10A_Cmd_Check'? [-Wimplicit-function-declaration]
       FPM10A_Cmd_Reg_Model();//转换成特征码
       ^~~~~~~~~~~~~~~~~~~~
       FPM10A_Cmd_Check
../src/finger.c:140:9: warning: implicit declaration of function 'FPM10A_Cmd_Save_Finger'; did you mean 'FPM10A_Cmd_Check'? [-Wimplicit-function-declaration]
         FPM10A_Cmd_Save_Finger(finger_id);
         ^~~~~~~~~~~~~~~~~~~~~~
         FPM10A_Cmd_Check
../src/finger.c:57:16: warning: unused variable 'id_show' [-Wunused-variable]
  unsigned char id_show[]={0,0,0};
                ^~~~~~~
make: *** [src/subdir.mk:26: src/finger.o] Error 1
16:36:25 **** Auto Build of configuration Debug for project finger_test1 ****
make all 
'Building file: ../src/finger.c'
'Invoking: MicroBlaze gcc compiler'
mb-gcc -Wall -O0 -g3 -c -fmessage-length=0 -MT"src/finger.o" -I../../HELLO_bsp/microblaze_0/include -mlittle-endian -mcpu=v11.0 -mxl-soft-mul -Wl,--no-relax -ffunction-sections -fdata-sections -MMD -MP -MF"src/finger.d" -MT"src/finger.o" -o "src/finger.o" "../src/finger.c"
../src/finger.c: In function 'FPM10A_Cmd_Send_Pack_Head':
../src/finger.c:31:6: warning: implicit declaration of function 'Uart_Send_Byte' [-Wimplicit-function-declaration]
      Uart_Send_Byte(FPM10A_Pack_Head[i]);
      ^~~~~~~~~~~~~~
../src/finger.c: In function 'FPM10A_Receive_Data':
../src/finger.c:50:33: warning: implicit declaration of function 'Uart_Receive_Byte'; did you mean 'FPM10A_Receive_Data'? [-Wimplicit-function-declaration]
      FPM10A_RECEICE_BUFFER[i] = Uart_Receive_Byte();
                                 ^~~~~~~~~~~~~~~~~
                                 FPM10A_Receive_Data
../src/finger.c: In function 'FPM10A_Add_Fingerprint':
../src/finger.c:59:6: error: 'KEY_OK' undeclared (first use in this function)
   if(KEY_OK == 0)
      ^~~~~~
../src/finger.c:59:6: note: each undeclared identifier is reported only once for each function it appears in
../src/finger.c:62:6: warning: implicit declaration of function 'LCD1602_Display' [-Wimplicit-function-declaration]
      LCD1602_Display(0x80," Please  finger ",0,16);
      ^~~~~~~~~~~~~~~
../src/finger.c:64:10: error: 'KEY_CANCEL' undeclared (first use in this function)
    while(KEY_CANCEL == 1)
          ^~~~~~~~~~
../src/finger.c:72:5: warning: implicit declaration of function 'FPM10A_Cmd_Get_Img'; did you mean 'FPM10A_Cmd_Check'? [-Wimplicit-function-declaration]
     FPM10A_Cmd_Get_Img(); //获得指纹图像
     ^~~~~~~~~~~~~~~~~~
     FPM10A_Cmd_Check
../src/finger.c:77:6: warning: implicit declaration of function 'Delay_Ms' [-Wimplicit-function-declaration]
      Delay_Ms(100);
      ^~~~~~~~
../src/finger.c:78:6: warning: implicit declaration of function 'FINGERPRINT_Cmd_Img_To_Buffer1' [-Wimplicit-function-declaration]
      FINGERPRINT_Cmd_Img_To_Buffer1();
      ^~~~~~~~~~~~~~~~~~~~~~~~~~~~~~
../src/finger.c:81:6: warning: implicit declaration of function 'Buzz_Times' [-Wimplicit-function-declaration]
      Buzz_Times(1);
      ^~~~~~~~~~
../src/finger.c:101:8: warning: implicit declaration of function 'LCD1602_WriteCMD' [-Wimplicit-function-declaration]
        LCD1602_WriteCMD(0xc0+10);
        ^~~~~~~~~~~~~~~~
../src/finger.c:102:8: warning: implicit declaration of function 'LCD1602_WriteDAT' [-Wimplicit-function-declaration]
        LCD1602_WriteDAT(finger_id/100+48);
        ^~~~~~~~~~~~~~~~
../src/finger.c:102:25: error: 'finger_id' undeclared (first use in this function)
        LCD1602_WriteDAT(finger_id/100+48);
                         ^~~~~~~~~
../src/finger.c:105:7: warning: implicit declaration of function 'FINGERPRINT_Cmd_Img_To_Buffer2' [-Wimplicit-function-declaration]
       FINGERPRINT_Cmd_Img_To_Buffer2();
       ^~~~~~~~~~~~~~~~~~~~~~~~~~~~~~
../src/finger.c:107:7: warning: implicit declaration of function 'FPM10A_Cmd_Reg_Model'; did you mean 'FPM10A_Cmd_Check'? [-Wimplicit-function-declaration]
       FPM10A_Cmd_Reg_Model();//转换成特征码
       ^~~~~~~~~~~~~~~~~~~~
       FPM10A_Cmd_Check
../src/finger.c:109:9: warning: implicit declaration of function 'FPM10A_Cmd_Save_Finger'; did you mean 'FPM10A_Cmd_Check'? [-Wimplicit-function-declaration]
         FPM10A_Cmd_Save_Finger(finger_id);
         ^~~~~~~~~~~~~~~~~~~~~~
         FPM10A_Cmd_Check
../src/finger.c: At top level:
../src/finger.c:125:1: error: expected identifier or '(' before '}' token
 }
 ^
make: *** [src/subdir.mk:26: src/finger.o] Error 1
16:51:22 **** Auto Build of configuration Debug for project finger_test1 ****
make all 
'Building file: ../src/finger.c'
'Invoking: MicroBlaze gcc compiler'
mb-gcc -Wall -O0 -g3 -c -fmessage-length=0 -MT"src/finger.o" -I../../HELLO_bsp/microblaze_0/include -mlittle-endian -mcpu=v11.0 -mxl-soft-mul -Wl,--no-relax -ffunction-sections -fdata-sections -MMD -MP -MF"src/finger.d" -MT"src/finger.o" -o "src/finger.o" "../src/finger.c"
../src/finger.c:7:9: error: expected '=', ',', ';', 'asm' or '__attribute__' before string constant
 include "xuatps.h"
         ^~~~~~~~~~
../src/finger.c: In function 'FPM10A_Cmd_Send_Pack_Head':
../src/finger.c:32:6: warning: implicit declaration of function 'Uart_Send_Byte' [-Wimplicit-function-declaration]
      Uart_Send_Byte(FPM10A_Pack_Head[i]);
      ^~~~~~~~~~~~~~
../src/finger.c: In function 'FPM10A_Receive_Data':
../src/finger.c:51:6: error: 'FPM10A_RECEICE_BUFFER' undeclared (first use in this function)
      FPM10A_RECEICE_BUFFER[i] = Uart_Receive_Byte();
      ^~~~~~~~~~~~~~~~~~~~~
../src/finger.c:51:6: note: each undeclared identifier is reported only once for each function it appears in
../src/finger.c:51:33: warning: implicit declaration of function 'Uart_Receive_Byte'; did you mean 'FPM10A_Receive_Data'? [-Wimplicit-function-declaration]
      FPM10A_RECEICE_BUFFER[i] = Uart_Receive_Byte();
                                 ^~~~~~~~~~~~~~~~~
                                 FPM10A_Receive_Data
../src/finger.c: In function 'FPM10A_Add_Fingerprint':
../src/finger.c:60:6: error: 'KEY_OK' undeclared (first use in this function)
   if(KEY_OK == 0)
      ^~~~~~
../src/finger.c:63:6: warning: implicit declaration of function 'LCD1602_Display' [-Wimplicit-function-declaration]
      LCD1602_Display(0x80," Please  finger ",0,16);
      ^~~~~~~~~~~~~~~
../src/finger.c:65:10: error: 'KEY_CANCEL' undeclared (first use in this function)
    while(KEY_CANCEL == 1)
          ^~~~~~~~~~
../src/finger.c:73:5: warning: implicit declaration of function 'FPM10A_Cmd_Get_Img'; did you mean 'FPM10A_Cmd_Check'? [-Wimplicit-function-declaration]
     FPM10A_Cmd_Get_Img(); //获得指纹图像
     ^~~~~~~~~~~~~~~~~~
     FPM10A_Cmd_Check
../src/finger.c:76:8: error: 'FPM10A_RECEICE_BUFFER' undeclared (first use in this function)
     if(FPM10A_RECEICE_BUFFER[9]==0)
        ^~~~~~~~~~~~~~~~~~~~~
../src/finger.c:78:6: warning: implicit declaration of function 'Delay_Ms' [-Wimplicit-function-declaration]
      Delay_Ms(100);
      ^~~~~~~~
../src/finger.c:79:6: warning: implicit declaration of function 'FINGERPRINT_Cmd_Img_To_Buffer1' [-Wimplicit-function-declaration]
      FINGERPRINT_Cmd_Img_To_Buffer1();
      ^~~~~~~~~~~~~~~~~~~~~~~~~~~~~~
../src/finger.c:82:6: warning: implicit declaration of function 'Buzz_Times' [-Wimplicit-function-declaration]
      Buzz_Times(1);
      ^~~~~~~~~~
../src/finger.c:102:8: warning: implicit declaration of function 'LCD1602_WriteCMD' [-Wimplicit-function-declaration]
        LCD1602_WriteCMD(0xc0+10);
        ^~~~~~~~~~~~~~~~
../src/finger.c:103:8: warning: implicit declaration of function 'LCD1602_WriteDAT' [-Wimplicit-function-declaration]
        LCD1602_WriteDAT(finger_id/100+48);
        ^~~~~~~~~~~~~~~~
../src/finger.c:103:25: error: 'finger_id' undeclared (first use in this function)
        LCD1602_WriteDAT(finger_id/100+48);
                         ^~~~~~~~~
../src/finger.c:106:7: warning: implicit declaration of function 'FINGERPRINT_Cmd_Img_To_Buffer2' [-Wimplicit-function-declaration]
       FINGERPRINT_Cmd_Img_To_Buffer2();
       ^~~~~~~~~~~~~~~~~~~~~~~~~~~~~~
../src/finger.c:108:7: warning: implicit declaration of function 'FPM10A_Cmd_Reg_Model'; did you mean 'FPM10A_Cmd_Check'? [-Wimplicit-function-declaration]
       FPM10A_Cmd_Reg_Model();//转换成特征码
       ^~~~~~~~~~~~~~~~~~~~
       FPM10A_Cmd_Check
../src/finger.c:110:9: warning: implicit declaration of function 'FPM10A_Cmd_Save_Finger'; did you mean 'FPM10A_Cmd_Check'? [-Wimplicit-function-declaration]
         FPM10A_Cmd_Save_Finger(finger_id);
         ^~~~~~~~~~~~~~~~~~~~~~
         FPM10A_Cmd_Check
../src/finger.c: At top level:
../src/finger.c:126:1: error: expected identifier or '(' before '}' token
 }
 ^
make: *** [src/subdir.mk:26: src/finger.o] Error 1
16:51:26 **** Auto Build of configuration Debug for project finger_test1 ****
make all 
'Building file: ../src/finger.c'
'Invoking: MicroBlaze gcc compiler'
mb-gcc -Wall -O0 -g3 -c -fmessage-length=0 -MT"src/finger.o" -I../../HELLO_bsp/microblaze_0/include -mlittle-endian -mcpu=v11.0 -mxl-soft-mul -Wl,--no-relax -ffunction-sections -fdata-sections -MMD -MP -MF"src/finger.d" -MT"src/finger.o" -o "src/finger.o" "../src/finger.c"
../src/finger.c:7:9: error: expected '=', ',', ';', 'asm' or '__attribute__' before string constant
 include "xuartps.h"
         ^~~~~~~~~~~
../src/finger.c: In function 'FPM10A_Cmd_Send_Pack_Head':
../src/finger.c:32:6: warning: implicit declaration of function 'Uart_Send_Byte' [-Wimplicit-function-declaration]
      Uart_Send_Byte(FPM10A_Pack_Head[i]);
      ^~~~~~~~~~~~~~
../src/finger.c: In function 'FPM10A_Receive_Data':
../src/finger.c:51:6: error: 'FPM10A_RECEICE_BUFFER' undeclared (first use in this function)
      FPM10A_RECEICE_BUFFER[i] = Uart_Receive_Byte();
      ^~~~~~~~~~~~~~~~~~~~~
../src/finger.c:51:6: note: each undeclared identifier is reported only once for each function it appears in
../src/finger.c:51:33: warning: implicit declaration of function 'Uart_Receive_Byte'; did you mean 'FPM10A_Receive_Data'? [-Wimplicit-function-declaration]
      FPM10A_RECEICE_BUFFER[i] = Uart_Receive_Byte();
                                 ^~~~~~~~~~~~~~~~~
                                 FPM10A_Receive_Data
../src/finger.c: In function 'FPM10A_Add_Fingerprint':
../src/finger.c:60:6: error: 'KEY_OK' undeclared (first use in this function)
   if(KEY_OK == 0)
      ^~~~~~
../src/finger.c:63:6: warning: implicit declaration of function 'LCD1602_Display' [-Wimplicit-function-declaration]
      LCD1602_Display(0x80," Please  finger ",0,16);
      ^~~~~~~~~~~~~~~
../src/finger.c:65:10: error: 'KEY_CANCEL' undeclared (first use in this function)
    while(KEY_CANCEL == 1)
          ^~~~~~~~~~
../src/finger.c:73:5: warning: implicit declaration of function 'FPM10A_Cmd_Get_Img'; did you mean 'FPM10A_Cmd_Check'? [-Wimplicit-function-declaration]
     FPM10A_Cmd_Get_Img(); //获得指纹图像
     ^~~~~~~~~~~~~~~~~~
     FPM10A_Cmd_Check
../src/finger.c:76:8: error: 'FPM10A_RECEICE_BUFFER' undeclared (first use in this function)
     if(FPM10A_RECEICE_BUFFER[9]==0)
        ^~~~~~~~~~~~~~~~~~~~~
../src/finger.c:78:6: warning: implicit declaration of function 'Delay_Ms' [-Wimplicit-function-declaration]
      Delay_Ms(100);
      ^~~~~~~~
../src/finger.c:79:6: warning: implicit declaration of function 'FINGERPRINT_Cmd_Img_To_Buffer1' [-Wimplicit-function-declaration]
      FINGERPRINT_Cmd_Img_To_Buffer1();
      ^~~~~~~~~~~~~~~~~~~~~~~~~~~~~~
../src/finger.c:82:6: warning: implicit declaration of function 'Buzz_Times' [-Wimplicit-function-declaration]
      Buzz_Times(1);
      ^~~~~~~~~~
../src/finger.c:102:8: warning: implicit declaration of function 'LCD1602_WriteCMD' [-Wimplicit-function-declaration]
        LCD1602_WriteCMD(0xc0+10);
        ^~~~~~~~~~~~~~~~
../src/finger.c:103:8: warning: implicit declaration of function 'LCD1602_WriteDAT' [-Wimplicit-function-declaration]
        LCD1602_WriteDAT(finger_id/100+48);
        ^~~~~~~~~~~~~~~~
../src/finger.c:103:25: error: 'finger_id' undeclared (first use in this function)
        LCD1602_WriteDAT(finger_id/100+48);
                         ^~~~~~~~~
../src/finger.c:106:7: warning: implicit declaration of function 'FINGERPRINT_Cmd_Img_To_Buffer2' [-Wimplicit-function-declaration]
       FINGERPRINT_Cmd_Img_To_Buffer2();
       ^~~~~~~~~~~~~~~~~~~~~~~~~~~~~~
../src/finger.c:108:7: warning: implicit declaration of function 'FPM10A_Cmd_Reg_Model'; did you mean 'FPM10A_Cmd_Check'? [-Wimplicit-function-declaration]
       FPM10A_Cmd_Reg_Model();//转换成特征码
       ^~~~~~~~~~~~~~~~~~~~
       FPM10A_Cmd_Check
../src/finger.c:110:9: warning: implicit declaration of function 'FPM10A_Cmd_Save_Finger'; did you mean 'FPM10A_Cmd_Check'? [-Wimplicit-function-declaration]
         FPM10A_Cmd_Save_Finger(finger_id);
         ^~~~~~~~~~~~~~~~~~~~~~
         FPM10A_Cmd_Check
../src/finger.c: At top level:
../src/finger.c:126:1: error: expected identifier or '(' before '}' token
 }
 ^
make: *** [src/subdir.mk:26: src/finger.o] Error 1
16:51:37 **** Auto Build of configuration Debug for project finger_test1 ****
make all 
'Building file: ../src/finger.c'
'Invoking: MicroBlaze gcc compiler'
mb-gcc -Wall -O0 -g3 -c -fmessage-length=0 -MT"src/finger.o" -I../../HELLO_bsp/microblaze_0/include -mlittle-endian -mcpu=v11.0 -mxl-soft-mul -Wl,--no-relax -ffunction-sections -fdata-sections -MMD -MP -MF"src/finger.d" -MT"src/finger.o" -o "src/finger.o" "../src/finger.c"
../src/finger.c:7:10: fatal error: xuartps.h: No such file or directory
 #include "xuartps.h"
          ^~~~~~~~~~~
compilation terminated.
make: *** [src/subdir.mk:26: src/finger.o] Error 1
16:58:38 **** Auto Build of configuration Debug for project finger_test1 ****
make all 
'Building file: ../src/finger.c'
'Invoking: MicroBlaze gcc compiler'
mb-gcc -Wall -O0 -g3 -c -fmessage-length=0 -MT"src/finger.o" -I../../HELLO_bsp/microblaze_0/include -mlittle-endian -mcpu=v11.0 -mxl-soft-mul -Wl,--no-relax -ffunction-sections -fdata-sections -MMD -MP -MF"src/finger.d" -MT"src/finger.o" -o "src/finger.o" "../src/finger.c"
../src/finger.c:7:10: fatal error: xuartps.h: No such file or directory
 #include "xuartps.h"
          ^~~~~~~~~~~
compilation terminated.
make: *** [src/subdir.mk:26: src/finger.o] Error 1
17:00:07 **** Auto Build of configuration Debug for project finger_test1 ****
make all 
'Building file: ../src/finger.c'
'Invoking: MicroBlaze gcc compiler'
mb-gcc -Wall -O0 -g3 -c -fmessage-length=0 -MT"src/finger.o" -I../../HELLO_bsp/microblaze_0/include -mlittle-endian -mcpu=v11.0 -mxl-soft-mul -Wl,--no-relax -ffunction-sections -fdata-sections -MMD -MP -MF"src/finger.d" -MT"src/finger.o" -o "src/finger.o" "../src/finger.c"
../src/finger.c:7:10: fatal error: xuartps.h: No such file or directory
 #include "xuartps.h"
          ^~~~~~~~~~~
compilation terminated.
make: *** [src/subdir.mk:26: src/finger.o] Error 1
17:01:09 **** Auto Build of configuration Debug for project finger_test1 ****
make all 
'Building file: ../src/finger.c'
'Invoking: MicroBlaze gcc compiler'
mb-gcc -Wall -O0 -g3 -c -fmessage-length=0 -MT"src/finger.o" -I../../HELLO_bsp/microblaze_0/include -mlittle-endian -mcpu=v11.0 -mxl-soft-mul -Wl,--no-relax -ffunction-sections -fdata-sections -MMD -MP -MF"src/finger.d" -MT"src/finger.o" -o "src/finger.o" "../src/finger.c"
../src/finger.c:7:10: fatal error: xuartps.h: No such file or directory
 #include "xuartps.h"
          ^~~~~~~~~~~
compilation terminated.
make: *** [src/subdir.mk:26: src/finger.o] Error 1
17:01:35 **** Auto Build of configuration Debug for project finger_test1 ****
make all 
'Building file: ../src/finger.c'
'Invoking: MicroBlaze gcc compiler'
mb-gcc -Wall -O0 -g3 -c -fmessage-length=0 -MT"src/finger.o" -I../../HELLO_bsp/microblaze_0/include -mlittle-endian -mcpu=v11.0 -mxl-soft-mul -Wl,--no-relax -ffunction-sections -fdata-sections -MMD -MP -MF"src/finger.d" -MT"src/finger.o" -o "src/finger.o" "../src/finger.c"
../src/finger.c:7:10: fatal error: xuartps.h: No such file or directory
 #include "xuartps.h"
          ^~~~~~~~~~~
compilation terminated.
make: *** [src/subdir.mk:26: src/finger.o] Error 1
17:01:43 **** Auto Build of configuration Debug for project finger_test1 ****
make all 
'Building file: ../src/finger.c'
'Invoking: MicroBlaze gcc compiler'
mb-gcc -Wall -O0 -g3 -c -fmessage-length=0 -MT"src/finger.o" -I../../HELLO_bsp/microblaze_0/include -mlittle-endian -mcpu=v11.0 -mxl-soft-mul -Wl,--no-relax -ffunction-sections -fdata-sections -MMD -MP -MF"src/finger.d" -MT"src/finger.o" -o "src/finger.o" "../src/finger.c"
../src/finger.c:7:10: fatal error: xuartps.h: No such file or directory
 #include "xuartps.h"
          ^~~~~~~~~~~
compilation terminated.
make: *** [src/subdir.mk:26: src/finger.o] Error 1
17:02:06 **** Auto Build of configuration Debug for project finger_test1 ****
make all 
'Building file: ../src/finger.c'
'Invoking: MicroBlaze gcc compiler'
mb-gcc -Wall -O0 -g3 -c -fmessage-length=0 -MT"src/finger.o" -I../../HELLO_bsp/microblaze_0/include -mlittle-endian -mcpu=v11.0 -mxl-soft-mul -Wl,--no-relax -ffunction-sections -fdata-sections -MMD -MP -MF"src/finger.d" -MT"src/finger.o" -o "src/finger.o" "../src/finger.c"
../src/finger.c:7:10: fatal error: xuartps.h: No such file or directory
 #include "xuartps.h"
          ^~~~~~~~~~~
compilation terminated.
make: *** [src/subdir.mk:26: src/finger.o] Error 1
17:02:38 **** Auto Build of configuration Debug for project finger_test1 ****
make all 
'Building file: ../src/finger.c'
'Invoking: MicroBlaze gcc compiler'
mb-gcc -Wall -O0 -g3 -c -fmessage-length=0 -MT"src/finger.o" -I../../HELLO_bsp/microblaze_0/include -mlittle-endian -mcpu=v11.0 -mxl-soft-mul -Wl,--no-relax -ffunction-sections -fdata-sections -MMD -MP -MF"src/finger.d" -MT"src/finger.o" -o "src/finger.o" "../src/finger.c"
../src/finger.c:7:10: fatal error: xuartps.h: No such file or directory
 #include "xuartps.h"
          ^~~~~~~~~~~
compilation terminated.
make: *** [src/subdir.mk:26: src/finger.o] Error 1
17:03:28 **** Auto Build of configuration Debug for project finger_test1 ****
make all 
'Building file: ../src/finger.c'
'Invoking: MicroBlaze gcc compiler'
mb-gcc -Wall -O0 -g3 -c -fmessage-length=0 -MT"src/finger.o" -I../../HELLO_bsp/microblaze_0/include -mlittle-endian -mcpu=v11.0 -mxl-soft-mul -Wl,--no-relax -ffunction-sections -fdata-sections -MMD -MP -MF"src/finger.d" -MT"src/finger.o" -o "src/finger.o" "../src/finger.c"
../src/finger.c:7:10: fatal error: xuartps.h: No such file or directory
 #include "xuartps.h"
          ^~~~~~~~~~~
compilation terminated.
make: *** [src/subdir.mk:26: src/finger.o] Error 1
17:03:31 **** Incremental Build of configuration Debug for project finger_test1 ****
make all 
'Building file: ../src/finger.c'
'Invoking: MicroBlaze gcc compiler'
mb-gcc -Wall -O0 -g3 -c -fmessage-length=0 -MT"src/finger.o" -I../../HELLO_bsp/microblaze_0/include -mlittle-endian -mcpu=v11.0 -mxl-soft-mul -Wl,--no-relax -ffunction-sections -fdata-sections -MMD -MP -MF"src/finger.d" -MT"src/finger.o" -o "src/finger.o" "../src/finger.c"
../src/finger.c:7:10: fatal error: xuartps.h: No such file or directory
 #include "xuartps.h"
          ^~~~~~~~~~~
compilation terminated.
make: *** [src/subdir.mk:26: src/finger.o] Error 1
17:04:17 **** Auto Build of configuration Debug for project finger_test1 ****
make all 
'Building file: ../src/finger.c'
'Invoking: MicroBlaze gcc compiler'
mb-gcc -Wall -O0 -g3 -c -fmessage-length=0 -MT"src/finger.o" -I../../HELLO_bsp/microblaze_0/include -mlittle-endian -mcpu=v11.0 -mxl-soft-mul -Wl,--no-relax -ffunction-sections -fdata-sections -MMD -MP -MF"src/finger.d" -MT"src/finger.o" -o "src/finger.o" "../src/finger.c"
../src/finger.c:7:10: fatal error: xuartps.h: No such file or directory
 #include "xuartps.h"
          ^~~~~~~~~~~
compilation terminated.
make: *** [src/subdir.mk:26: src/finger.o] Error 1
17:04:23 **** Incremental Build of configuration Debug for project finger_test1 ****
make all 
'Building file: ../src/finger.c'
'Invoking: MicroBlaze gcc compiler'
mb-gcc -Wall -O0 -g3 -c -fmessage-length=0 -MT"src/finger.o" -I../../HELLO_bsp/microblaze_0/include -mlittle-endian -mcpu=v11.0 -mxl-soft-mul -Wl,--no-relax -ffunction-sections -fdata-sections -MMD -MP -MF"src/finger.d" -MT"src/finger.o" -o "src/finger.o" "../src/finger.c"
../src/finger.c:7:10: fatal error: xuartps.h: No such file or directory
 #include "xuartps.h"
          ^~~~~~~~~~~
compilation terminated.
make: *** [src/subdir.mk:26: src/finger.o] Error 1
17:04:49 **** Auto Build of configuration Debug for project finger_test1 ****
make all 
'Building file: ../src/finger.c'
'Invoking: MicroBlaze gcc compiler'
mb-gcc -Wall -O0 -g3 -c -fmessage-length=0 -MT"src/finger.o" -I../../HELLO_bsp/microblaze_0/include -mlittle-endian -mcpu=v11.0 -mxl-soft-mul -Wl,--no-relax -ffunction-sections -fdata-sections -MMD -MP -MF"src/finger.d" -MT"src/finger.o" -o "src/finger.o" "../src/finger.c"
../src/finger.c:7:10: fatal error: xuartps.h: No such file or directory
 #include "xuartps.h"
          ^~~~~~~~~~~
compilation terminated.
make: *** [src/subdir.mk:26: src/finger.o] Error 1
17:04:56 **** Auto Build of configuration Debug for project finger_test1 ****
[...]
mb-gcc -Wl,-T -Wl,../src/lscript.ld -L../../HELLO_bsp/microblaze_0/lib -mlittle-endian -mcpu=v11.0 -mxl-soft-mul -Wl,--no-relax -Wl,--gc-sections -o "finger_test1.elf"  ./src/finger.o ./src/main.o   -Wl,--start-group,-lxil,-lgcc,-lc,--end-group
'Finished building target: finger_test1.elf'
' '
'Invoking: MicroBlaze Print Size'
mb-size finger_test1.elf  |tee "finger_test1.elf.size"
   text	   data	    bss	    dec	    hex	filename
   9308	    392	   3188	  12888	   3258	finger_test1.elf
'Finished building: finger_test1.elf.size'
' '
19:26:10 **** Auto Build of configuration Debug for project finger_test1 ****
make all 
'Building file: ../src/main.c'
'Invoking: MicroBlaze gcc compiler'
mb-gcc -Wall -O0 -g3 -c -fmessage-length=0 -MT"src/main.o" -I../../HELLO_bsp/microblaze_0/include -mlittle-endian -mcpu=v11.0 -mxl-soft-mul -Wl,--no-relax -ffunction-sections -fdata-sections -MMD -MP -MF"src/main.d" -MT"src/main.o" -o "src/main.o" "../src/main.c"
'Finished building: ../src/main.c'
' '
'Building target: finger_test1.elf'
'Invoking: MicroBlaze gcc linker'
mb-gcc -Wl,-T -Wl,../src/lscript.ld -L../../HELLO_bsp/microblaze_0/lib -mlittle-endian -mcpu=v11.0 -mxl-soft-mul -Wl,--no-relax -Wl,--gc-sections -o "finger_test1.elf"  ./src/finger.o ./src/main.o   -Wl,--start-group,-lxil,-lgcc,-lc,--end-group
'Finished building target: finger_test1.elf'
' '
'Invoking: MicroBlaze Print Size'
mb-size finger_test1.elf  |tee "finger_test1.elf.size"
   text	   data	    bss	    dec	    hex	filename
   9308	    392	   3188	  12888	   3258	finger_test1.elf
'Finished building: finger_test1.elf.size'
' '
19:26:37 **** Auto Build of configuration Debug for project finger_test1 ****
make all 
'Building file: ../src/main.c'
'Invoking: MicroBlaze gcc compiler'
mb-gcc -Wall -O0 -g3 -c -fmessage-length=0 -MT"src/main.o" -I../../HELLO_bsp/microblaze_0/include -mlittle-endian -mcpu=v11.0 -mxl-soft-mul -Wl,--no-relax -ffunction-sections -fdata-sections -MMD -MP -MF"src/main.d" -MT"src/main.o" -o "src/main.o" "../src/main.c"
'Finished building: ../src/main.c'
' '
'Building target: finger_test1.elf'
'Invoking: MicroBlaze gcc linker'
mb-gcc -Wl,-T -Wl,../src/lscript.ld -L../../HELLO_bsp/microblaze_0/lib -mlittle-endian -mcpu=v11.0 -mxl-soft-mul -Wl,--no-relax -Wl,--gc-sections -o "finger_test1.elf"  ./src/finger.o ./src/main.o   -Wl,--start-group,-lxil,-lgcc,-lc,--end-group
'Finished building target: finger_test1.elf'
' '
'Invoking: MicroBlaze Print Size'
mb-size finger_test1.elf  |tee "finger_test1.elf.size"
   text	   data	    bss	    dec	    hex	filename
   9308	    392	   3188	  12888	   3258	finger_test1.elf
'Finished building: finger_test1.elf.size'
' '
19:27:23 **** Auto Build of configuration Debug for project finger_test1 ****
make all 
'Building file: ../src/main.c'
'Invoking: MicroBlaze gcc compiler'
mb-gcc -Wall -O0 -g3 -c -fmessage-length=0 -MT"src/main.o" -I../../HELLO_bsp/microblaze_0/include -mlittle-endian -mcpu=v11.0 -mxl-soft-mul -Wl,--no-relax -ffunction-sections -fdata-sections -MMD -MP -MF"src/main.d" -MT"src/main.o" -o "src/main.o" "../src/main.c"
'Finished building: ../src/main.c'
' '
'Building target: finger_test1.elf'
'Invoking: MicroBlaze gcc linker'
mb-gcc -Wl,-T -Wl,../src/lscript.ld -L../../HELLO_bsp/microblaze_0/lib -mlittle-endian -mcpu=v11.0 -mxl-soft-mul -Wl,--no-relax -Wl,--gc-sections -o "finger_test1.elf"  ./src/finger.o ./src/main.o   -Wl,--start-group,-lxil,-lgcc,-lc,--end-group
'Finished building target: finger_test1.elf'
' '
'Invoking: MicroBlaze Print Size'
mb-size finger_test1.elf  |tee "finger_test1.elf.size"
   text	   data	    bss	    dec	    hex	filename
   9308	    392	   3188	  12888	   3258	finger_test1.elf
'Finished building: finger_test1.elf.size'
' '
19:30:14 **** Auto Build of configuration Debug for project finger_test1 ****
make all 
'Building file: ../src/main.c'
'Invoking: MicroBlaze gcc compiler'
mb-gcc -Wall -O0 -g3 -c -fmessage-length=0 -MT"src/main.o" -I../../HELLO_bsp/microblaze_0/include -mlittle-endian -mcpu=v11.0 -mxl-soft-mul -Wl,--no-relax -ffunction-sections -fdata-sections -MMD -MP -MF"src/main.d" -MT"src/main.o" -o "src/main.o" "../src/main.c"
../src/main.c: In function 'main':
../src/main.c:56:41: error: 'XTC_TCSR_OFFSET' undeclared (first use in this function); did you mean 'XIN_ISR_OFFSET'?
     Xil_Out32(XPAR_AXI_TIMER_0_BASEADDR+XTC_TCSR_OFFSET,
                                         ^~~~~~~~~~~~~~~
                                         XIN_ISR_OFFSET
../src/main.c:56:41: note: each undeclared identifier is reported only once for each function it appears in
../src/main.c:57:59: error: 'XTC_CSR_EN' undeclared (first use in this function); did you mean 'XTC_TCSR_OFFSET'?
     Xil_In32((XPAR_AXI_TIMER_0_BASEADDR+XTC_TCSR_OFFSET)&~XTC_CSR_EN
                                                           ^~~~~~~~~~
                                                           XTC_TCSR_OFFSET
../src/main.c:58:5: error: expected ')' before 'ABLE_TMR_MASK'
     ABLE_TMR_MASK));//写 TCSR，停止定时器
     ^~~~~~~~~~~~~
../src/main.c:59:41: error: 'XTC_TLR_OFFSET' undeclared (first use in this function); did you mean 'XTC_TCSR_OFFSET'?
     Xil_Out32(XPAR_AXI_TIMER_0_BASEADDR+XTC_TLR_OFFSET,RESET_VALUE);//写TLR 预置定时器初值
                                         ^~~~~~~~~~~~~~
                                         XTC_TCSR_OFFSET
make: *** [src/subdir.mk:26: src/main.o] Error 1
19:30:51 **** Auto Build of configuration Debug for project finger_test1 ****
make all 
'Building file: ../src/main.c'
'Invoking: MicroBlaze gcc compiler'
mb-gcc -Wall -O0 -g3 -c -fmessage-length=0 -MT"src/main.o" -I../../HELLO_bsp/microblaze_0/include -mlittle-endian -mcpu=v11.0 -mxl-soft-mul -Wl,--no-relax -ffunction-sections -fdata-sections -MMD -MP -MF"src/main.d" -MT"src/main.o" -o "src/main.o" "../src/main.c"
../src/main.c: In function 'main':
../src/main.c:56:41: error: 'XTC_TCSR_OFFSET' undeclared (first use in this function); did you mean 'XIN_ISR_OFFSET'?
     Xil_Out32(XPAR_AXI_TIMER_0_BASEADDR+XTC_TCSR_OFFSET,
                                         ^~~~~~~~~~~~~~~
                                         XIN_ISR_OFFSET
../src/main.c:56:41: note: each undeclared identifier is reported only once for each function it appears in
../src/main.c:57:61: error: 'XTC_CSR_ENABLE_TMR_MASK' undeclared (first use in this function); did you mean 'XUL_CR_ENABLE_INTR'?
       Xil_In32((XPAR_AXI_TIMER_0_BASEADDR+XTC_TCSR_OFFSET)&~XTC_CSR_ENABLE_TMR_MASK));//写 TCSR，停止定时器
                                                             ^~~~~~~~~~~~~~~~~~~~~~~
                                                             XUL_CR_ENABLE_INTR
../src/main.c:58:41: error: 'XTC_TLR_OFFSET' undeclared (first use in this function); did you mean 'XTC_TCSR_OFFSET'?
     Xil_Out32(XPAR_AXI_TIMER_0_BASEADDR+XTC_TLR_OFFSET,RESET_VALUE);//写TLR 预置定时器初值
                                         ^~~~~~~~~~~~~~
                                         XTC_TCSR_OFFSET
make: *** [src/subdir.mk:26: src/main.o] Error 1
19:32:02 **** Auto Build of configuration Debug for project finger_test1 ****
make all 
'Building file: ../src/main.c'
'Invoking: MicroBlaze gcc compiler'
mb-gcc -Wall -O0 -g3 -c -fmessage-length=0 -MT"src/main.o" -I../../HELLO_bsp/microblaze_0/include -mlittle-endian -mcpu=v11.0 -mxl-soft-mul -Wl,--no-relax -ffunction-sections -fdata-sections -MMD -MP -MF"src/main.d" -MT"src/main.o" -o "src/main.o" "../src/main.c"
../src/main.c: In function 'main':
../src/main.c:56:41: error: 'XTC_TCSR_OFFSET' undeclared (first use in this function); did you mean 'XIN_ISR_OFFSET'?
     Xil_Out32(XPAR_AXI_TIMER_0_BASEADDR+XTC_TCSR_OFFSET,
                                         ^~~~~~~~~~~~~~~
                                         XIN_ISR_OFFSET
../src/main.c:56:41: note: each undeclared identifier is reported only once for each function it appears in
../src/main.c:57:61: error: 'XTC_CSR_ENABLE_TMR_MASK' undeclared (first use in this function); did you mean 'XUL_CR_ENABLE_INTR'?
       Xil_In32((XPAR_AXI_TIMER_0_BASEADDR+XTC_TCSR_OFFSET)&~XTC_CSR_ENABLE_TMR_MASK));//写 TCSR，停止定时器
                                                             ^~~~~~~~~~~~~~~~~~~~~~~
                                                             XUL_CR_ENABLE_INTR
../src/main.c:58:41: error: 'XTC_TLR_OFFSET' undeclared (first use in this function); did you mean 'XTC_TCSR_OFFSET'?
     Xil_Out32(XPAR_AXI_TIMER_0_BASEADDR+XTC_TLR_OFFSET,RESET_VALUE);//写TLR 预置定时器初值
                                         ^~~~~~~~~~~~~~
                                         XTC_TCSR_OFFSET
../src/main.c:60:58: error: 'XTC_CSR_LOA' undeclared (first use in this function); did you mean 'XTC_TCSR_OFFSET'?
     Xil_In32((XPAR_AXI_TIMER_0_BASEADDR+XTC_TCSR_OFFSET)|XTC_CSR_LOA
                                                          ^~~~~~~~~~~
                                                          XTC_TCSR_OFFSET
../src/main.c:61:5: error: expected ')' before 'D_MASK'
     D_MASK));//装载计数器初值，写 TCSR 使得 LOADx=1
     ^~~~~~
../src/main.c:64:5: error: expected ')' before 'D_MASK'
     D_MASK)\
     ^~~~~~
../src/main.c:65:30: error: 'XTC_CSR_AUTO_RELOAD_MASK' undeclared (first use in this function); did you mean 'XTC_CSR_ENABLE_TMR_MASK'?
     |XTC_CSR_ENABLE_TMR_MASK|XTC_CSR_AUTO_RELOAD_MASK|XTC_CSR_ENABLE
                              ^~~~~~~~~~~~~~~~~~~~~~~~
                              XTC_CSR_ENABLE_TMR_MASK
../src/main.c:65:55: error: 'XTC_CSR_ENABLE' undeclared (first use in this function); did you mean 'XTC_CSR_LOA'?
     |XTC_CSR_ENABLE_TMR_MASK|XTC_CSR_AUTO_RELOAD_MASK|XTC_CSR_ENABLE
                                                       ^~~~~~~~~~~~~~
                                                       XTC_CSR_LOA
../src/main.c:66:5: error: expected ')' before '_INT_MASK'
     _INT_MASK|XTC_CSR_DOWN_COUNT_MASK);
     ^~~~~~~~~
make: *** [src/subdir.mk:26: src/main.o] Error 1
19:33:04 **** Auto Build of configuration Debug for project finger_test1 ****
make all 
'Building file: ../src/main.c'
'Invoking: MicroBlaze gcc compiler'
mb-gcc -Wall -O0 -g3 -c -fmessage-length=0 -MT"src/main.o" -I../../HELLO_bsp/microblaze_0/include -mlittle-endian -mcpu=v11.0 -mxl-soft-mul -Wl,--no-relax -ffunction-sections -fdata-sections -MMD -MP -MF"src/main.d" -MT"src/main.o" -o "src/main.o" "../src/main.c"
../src/main.c: In function 'main':
../src/main.c:56:41: error: 'XTC_TCSR_OFFSET' undeclared (first use in this function); did you mean 'XIN_ISR_OFFSET'?
     Xil_Out32(XPAR_AXI_TIMER_0_BASEADDR+XTC_TCSR_OFFSET,
                                         ^~~~~~~~~~~~~~~
                                         XIN_ISR_OFFSET
../src/main.c:56:41: note: each undeclared identifier is reported only once for each function it appears in
../src/main.c:57:61: error: 'XTC_CSR_ENABLE_TMR_MASK' undeclared (first use in this function); did you mean 'XUL_CR_ENABLE_INTR'?
       Xil_In32((XPAR_AXI_TIMER_0_BASEADDR+XTC_TCSR_OFFSET)&~XTC_CSR_ENABLE_TMR_MASK));//写 TCSR，停止定时器
                                                             ^~~~~~~~~~~~~~~~~~~~~~~
                                                             XUL_CR_ENABLE_INTR
../src/main.c:58:41: error: 'XTC_TLR_OFFSET' undeclared (first use in this function); did you mean 'XTC_TCSR_OFFSET'?
     Xil_Out32(XPAR_AXI_TIMER_0_BASEADDR+XTC_TLR_OFFSET,RESET_VALUE);//写TLR 预置定时器初值
                                         ^~~~~~~~~~~~~~
                                         XTC_TCSR_OFFSET
../src/main.c:60:58: error: 'XTC_CSR_LOA' undeclared (first use in this function); did you mean 'XTC_TCSR_OFFSET'?
     Xil_In32((XPAR_AXI_TIMER_0_BASEADDR+XTC_TCSR_OFFSET)|XTC_CSR_LOA
                                                          ^~~~~~~~~~~
                                                          XTC_TCSR_OFFSET
../src/main.c:61:5: error: expected ')' before 'D_MASK'
     D_MASK));//装载计数器初值，写 TCSR 使得 LOADx=1
     ^~~~~~
../src/main.c:64:5: error: expected ')' before 'D_MASK'
     D_MASK)\
     ^~~~~~
../src/main.c:65:30: error: 'XTC_CSR_AUTO_RELOAD_MASK' undeclared (first use in this function); did you mean 'XTC_CSR_ENABLE_TMR_MASK'?
     |XTC_CSR_ENABLE_TMR_MASK|XTC_CSR_AUTO_RELOAD_MASK|XTC_CSR_ENABLE
                              ^~~~~~~~~~~~~~~~~~~~~~~~
                              XTC_CSR_ENABLE_TMR_MASK
../src/main.c:65:55: error: 'XTC_CSR_ENABLE' undeclared (first use in this function); did you mean 'XTC_CSR_LOA'?
     |XTC_CSR_ENABLE_TMR_MASK|XTC_CSR_AUTO_RELOAD_MASK|XTC_CSR_ENABLE
                                                       ^~~~~~~~~~~~~~
                                                       XTC_CSR_LOA
../src/main.c:66:5: error: expected ')' before '_INT_MASK'
     _INT_MASK|XTC_CSR_DOWN_COUNT_MASK);
     ^~~~~~~~~
make: *** [src/subdir.mk:26: src/main.o] Error 1
19:33:34 **** Auto Build of configuration Debug for project finger_test1 ****
make all 
'Building file: ../src/main.c'
'Invoking: MicroBlaze gcc compiler'
mb-gcc -Wall -O0 -g3 -c -fmessage-length=0 -MT"src/main.o" -I../../HELLO_bsp/microblaze_0/include -mlittle-endian -mcpu=v11.0 -mxl-soft-mul -Wl,--no-relax -ffunction-sections -fdata-sections -MMD -MP -MF"src/main.d" -MT"src/main.o" -o "src/main.o" "../src/main.c"
../src/main.c: In function 'main':
../src/main.c:66:58: error: 'XTC_CSR_LOA' undeclared (first use in this function); did you mean 'XTMRCTR_L_H'?
     Xil_In32((XPAR_AXI_TIMER_0_BASEADDR+XTC_TCSR_OFFSET)|XTC_CSR_LOA
                                                          ^~~~~~~~~~~
                                                          XTMRCTR_L_H
../src/main.c:66:58: note: each undeclared identifier is reported only once for each function it appears in
../src/main.c:67:5: error: expected ')' before 'D_MASK'
     D_MASK));//装载计数器初值，写 TCSR 使得 LOADx=1
     ^~~~~~
../src/main.c:70:5: error: expected ')' before 'D_MASK'
     D_MASK)\
     ^~~~~~
../src/main.c:71:55: error: 'XTC_CSR_ENABLE' undeclared (first use in this function); did you mean 'XTC_CSR_LOA'?
     |XTC_CSR_ENABLE_TMR_MASK|XTC_CSR_AUTO_RELOAD_MASK|XTC_CSR_ENABLE
                                                       ^~~~~~~~~~~~~~
                                                       XTC_CSR_LOA
../src/main.c:72:5: error: expected ')' before '_INT_MASK'
     _INT_MASK|XTC_CSR_DOWN_COUNT_MASK);
     ^~~~~~~~~
make: *** [src/subdir.mk:26: src/main.o] Error 1
19:33:51 **** Auto Build of configuration Debug for project finger_test1 ****
make all 
'Building file: ../src/main.c'
'Invoking: MicroBlaze gcc compiler'
mb-gcc -Wall -O0 -g3 -c -fmessage-length=0 -MT"src/main.o" -I../../HELLO_bsp/microblaze_0/include -mlittle-endian -mcpu=v11.0 -mxl-soft-mul -Wl,--no-relax -ffunction-sections -fdata-sections -MMD -MP -MF"src/main.d" -MT"src/main.o" -o "src/main.o" "../src/main.c"
../src/main.c: In function 'main':
../src/main.c:61:58: error: 'XTC_CSR_LOA' undeclared (first use in this function); did you mean 'XTMRCTR_L_H'?
     Xil_In32((XPAR_AXI_TIMER_0_BASEADDR+XTC_TCSR_OFFSET)|XTC_CSR_LOA
                                                          ^~~~~~~~~~~
                                                          XTMRCTR_L_H
../src/main.c:61:58: note: each undeclared identifier is reported only once for each function it appears in
../src/main.c:62:5: error: expected ')' before 'D_MASK'
     D_MASK));//装载计数器初值，写 TCSR 使得 LOADx=1
     ^~~~~~
../src/main.c:65:5: error: expected ')' before 'D_MASK'
     D_MASK)\
     ^~~~~~
../src/main.c:66:55: error: 'XTC_CSR_ENABLE' undeclared (first use in this function); did you mean 'XTC_CSR_LOA'?
     |XTC_CSR_ENABLE_TMR_MASK|XTC_CSR_AUTO_RELOAD_MASK|XTC_CSR_ENABLE
                                                       ^~~~~~~~~~~~~~
                                                       XTC_CSR_LOA
../src/main.c:67:5: error: expected ')' before '_INT_MASK'
     _INT_MASK|XTC_CSR_DOWN_COUNT_MASK);
     ^~~~~~~~~
make: *** [src/subdir.mk:26: src/main.o] Error 1
19:34:14 **** Auto Build of configuration Debug for project finger_test1 ****
make all 
'Building file: ../src/main.c'
'Invoking: MicroBlaze gcc compiler'
mb-gcc -Wall -O0 -g3 -c -fmessage-length=0 -MT"src/main.o" -I../../HELLO_bsp/microblaze_0/include -mlittle-endian -mcpu=v11.0 -mxl-soft-mul -Wl,--no-relax -ffunction-sections -fdata-sections -MMD -MP -MF"src/main.d" -MT"src/main.o" -o "src/main.o" "../src/main.c"
../src/main.c: In function 'main':
../src/main.c:63:58: error: 'XTC_CSR_LOA' undeclared (first use in this function); did you mean 'XTMRCTR_L_H'?
     Xil_In32((XPAR_AXI_TIMER_0_BASEADDR+XTC_TCSR_OFFSET)&XTC_CSR_LOA
                                                          ^~~~~~~~~~~
                                                          XTMRCTR_L_H
../src/main.c:63:58: note: each undeclared identifier is reported only once for each function it appears in
../src/main.c:64:5: error: expected ')' before 'D_MASK'
     D_MASK)\
     ^~~~~~
../src/main.c:65:55: error: 'XTC_CSR_ENABLE' undeclared (first use in this function); did you mean 'XTC_CSR_LOA'?
     |XTC_CSR_ENABLE_TMR_MASK|XTC_CSR_AUTO_RELOAD_MASK|XTC_CSR_ENABLE
                                                       ^~~~~~~~~~~~~~
                                                       XTC_CSR_LOA
../src/main.c:66:5: error: expected ')' before '_INT_MASK'
     _INT_MASK|XTC_CSR_DOWN_COUNT_MASK);
     ^~~~~~~~~
make: *** [src/subdir.mk:26: src/main.o] Error 1
19:34:27 **** Auto Build of configuration Debug for project finger_test1 ****
make all 
'Building file: ../src/main.c'
'Invoking: MicroBlaze gcc compiler'
mb-gcc -Wall -O0 -g3 -c -fmessage-length=0 -MT"src/main.o" -I../../HELLO_bsp/microblaze_0/include -mlittle-endian -mcpu=v11.0 -mxl-soft-mul -Wl,--no-relax -ffunction-sections -fdata-sections -MMD -MP -MF"src/main.d" -MT"src/main.o" -o "src/main.o" "../src/main.c"
'Finished building: ../src/main.c'
' '
'Building target: finger_test1.elf'
'Invoking: MicroBlaze gcc linker'
mb-gcc -Wl,-T -Wl,../src/lscript.ld -L../../HELLO_bsp/microblaze_0/lib -mlittle-endian -mcpu=v11.0 -mxl-soft-mul -Wl,--no-relax -Wl,--gc-sections -o "finger_test1.elf"  ./src/finger.o ./src/main.o   -Wl,--start-group,-lxil,-lgcc,-lc,--end-group
./src/main.o: In function `main':
G:\XilinxPrograms\2024_finger_lhk\2024_finger_lhk.sdk\finger_test1\Debug/../src/main.c:82: undefined reference to `timer_handle'
collect2.exe: error: ld returned 1 exit status
make: *** [makefile:38: finger_test1.elf] Error 1
20:03:06 **** Auto Build of configuration Debug for project finger_test1 ****
make all 
'Building file: ../src/main.c'
'Invoking: MicroBlaze gcc compiler'
mb-gcc -Wall -O0 -g3 -c -fmessage-length=0 -MT"src/main.o" -I../../HELLO_bsp/microblaze_0/include -mlittle-endian -mcpu=v11.0 -mxl-soft-mul -Wl,--no-relax -ffunction-sections -fdata-sections -MMD -MP -MF"src/main.d" -MT"src/main.o" -o "src/main.o" "../src/main.c"
../src/main.c:181:1: error: expected identifier or '(' before '}' token
 }
 ^
make: *** [src/subdir.mk:26: src/main.o] Error 1
20:03:21 **** Auto Build of configuration Debug for project finger_test1 ****
make all 
'Building file: ../src/main.c'
'Invoking: MicroBlaze gcc compiler'
mb-gcc -Wall -O0 -g3 -c -fmessage-length=0 -MT"src/main.o" -I../../HELLO_bsp/microblaze_0/include -mlittle-endian -mcpu=v11.0 -mxl-soft-mul -Wl,--no-relax -ffunction-sections -fdata-sections -MMD -MP -MF"src/main.d" -MT"src/main.o" -o "src/main.o" "../src/main.c"
'Finished building: ../src/main.c'
' '
'Building target: finger_test1.elf'
'Invoking: MicroBlaze gcc linker'
mb-gcc -Wl,-T -Wl,../src/lscript.ld -L../../HELLO_bsp/microblaze_0/lib -mlittle-endian -mcpu=v11.0 -mxl-soft-mul -Wl,--no-relax -Wl,--gc-sections -o "finger_test1.elf"  ./src/finger.o ./src/main.o   -Wl,--start-group,-lxil,-lgcc,-lc,--end-group
'Finished building target: finger_test1.elf'
' '
'Invoking: MicroBlaze Print Size'
mb-size finger_test1.elf  |tee "finger_test1.elf.size"
   text	   data	    bss	    dec	    hex	filename
   9576	    392	   3184	  13152	   3360	finger_test1.elf
'Finished building: finger_test1.elf.size'
' '
